
Discarded input sections

 .group         0x0000000000000000       0x10 seadCalendarTime.o
 .group         0x0000000000000000        0x8 seadCalendarTime.o
 .group         0x0000000000000000        0xc seadCalendarTime.o
 .group         0x0000000000000000       0x10 seadDateUtil.o
 .group         0x0000000000000000       0x10 seadDateUtil.o
 .group         0x0000000000000000       0x10 seadDateUtil.o
 .group         0x0000000000000000        0x8 seadDateUtil.o
 .group         0x0000000000000000        0xc seadDateUtil.o
 .group         0x0000000000000000        0xc seadDateUtil.o
 .group         0x0000000000000000        0xc seadDateUtil.o
 .group         0x0000000000000000        0xc seadDateUtil.o
 .text._ZN4sead14SafeStringBaseIcED2Ev
                0x0000000000000000        0x4 seadDateUtil.o
 .text._ZNK4sead14SafeStringBaseIcE22assureTerminationImpl_Ev
                0x0000000000000000        0x4 seadDateUtil.o
 .text._ZN4sead14SafeStringBaseIcED0Ev
                0x0000000000000000        0x8 seadDateUtil.o
 .data.rel.ro._ZTVN4sead14SafeStringBaseIcEE
                0x0000000000000000       0x30 seadDateUtil.o
 .group         0x0000000000000000       0x10 PuppetActor.o
 .group         0x0000000000000000       0x10 PuppetActor.o
 .group         0x0000000000000000        0x8 PuppetActor.o
 .group         0x0000000000000000        0x8 PuppetActor.o
 .group         0x0000000000000000        0x8 PuppetActor.o
 .group         0x0000000000000000        0x8 PuppetActor.o
 .group         0x0000000000000000        0x8 PuppetActor.o
 .group         0x0000000000000000        0x8 PuppetActor.o
 .group         0x0000000000000000        0x8 PuppetActor.o
 .group         0x0000000000000000        0x8 PuppetActor.o
 .group         0x0000000000000000        0x8 PuppetActor.o
 .group         0x0000000000000000        0x8 PuppetActor.o
 .group         0x0000000000000000       0x10 PuppetActor.o
 .group         0x0000000000000000       0x10 PuppetActor.o
 .group         0x0000000000000000       0x10 PuppetActor.o
 .group         0x0000000000000000        0x8 PuppetActor.o
 .group         0x0000000000000000        0xc PuppetActor.o
 .group         0x0000000000000000        0xc PuppetActor.o
 .group         0x0000000000000000        0xc PuppetActor.o
 .group         0x0000000000000000        0xc PuppetActor.o
 .group         0x0000000000000000        0xc PuppetActor.o
 .group         0x0000000000000000        0xc PuppetActor.o
 .group         0x0000000000000000        0xc PuppetActor.o
 .group         0x0000000000000000        0xc PuppetActor.o
 .group         0x0000000000000000        0xc PuppetActor.o
 .group         0x0000000000000000        0xc PuppetActor.o
 .group         0x0000000000000000        0xc PuppetActor.o
 .group         0x0000000000000000       0x24 PuppetActor.o
 .group         0x0000000000000000        0xc PuppetActor.o
 .group         0x0000000000000000        0xc PuppetActor.o
 .text._ZN4sead14SafeStringBaseIcED2Ev
                0x0000000000000000        0x4 PuppetActor.o
 .text._ZN4sead22BufferedSafeStringBaseIcED2Ev
                0x0000000000000000        0x4 PuppetActor.o
 .text._ZNK4sead14SafeStringBaseIcE22assureTerminationImpl_Ev
                0x0000000000000000        0x4 PuppetActor.o
 .text._ZN4sead14SafeStringBaseIcED0Ev
                0x0000000000000000        0x8 PuppetActor.o
 .text._ZN4sead22BufferedSafeStringBaseIcED0Ev
                0x0000000000000000        0x8 PuppetActor.o
 .data.rel.ro._ZTVN4sead14SafeStringBaseIcEE
                0x0000000000000000       0x30 PuppetActor.o
 .data.rel.ro._ZTVN4sead22BufferedSafeStringBaseIcEE
                0x0000000000000000       0x30 PuppetActor.o
 .group         0x0000000000000000       0x10 PuppetCapActor.o
 .group         0x0000000000000000       0x10 PuppetCapActor.o
 .group         0x0000000000000000        0x8 PuppetCapActor.o
 .group         0x0000000000000000        0x8 PuppetCapActor.o
 .group         0x0000000000000000        0x8 PuppetCapActor.o
 .group         0x0000000000000000        0x8 PuppetCapActor.o
 .group         0x0000000000000000        0x8 PuppetCapActor.o
 .group         0x0000000000000000        0x8 PuppetCapActor.o
 .group         0x0000000000000000        0x8 PuppetCapActor.o
 .group         0x0000000000000000        0x8 PuppetCapActor.o
 .group         0x0000000000000000        0x8 PuppetCapActor.o
 .group         0x0000000000000000        0xc PuppetCapActor.o
 .group         0x0000000000000000        0xc PuppetCapActor.o
 .group         0x0000000000000000        0xc PuppetCapActor.o
 .group         0x0000000000000000        0xc PuppetCapActor.o
 .group         0x0000000000000000        0xc PuppetCapActor.o
 .group         0x0000000000000000       0x24 PuppetCapActor.o
 .text._ZN4sead22BufferedSafeStringBaseIcED2Ev
                0x0000000000000000        0x4 PuppetCapActor.o
 .text._ZNK2al9LiveActor7getNameEv
                0x0000000000000000       0x24 PuppetCapActor.o
[...]
Memory Configuration

Name             Origin             Length             Attributes
*default*        0x0000000000000000 0xffffffffffffffff

Linker script and memory map

                0xfffffffffd7e1028                _ZN14PlayerFunction20initMarioModelCommonEPN2al9LiveActorERKNS0_13ActorInitInfoEPKcS7_ibPNS0_11AudioKeeperEbb = 0xfffffffffd7e1028
                0xfffffffffd7e2a24                _ZN14PlayerFunction14initMarioAudioEPN2al9LiveActorERKNS0_13ActorInitInfoEPNS0_8ResourceEbPNS0_11AudioKeeperE = 0xfffffffffd7e2a24
                0xfffffffffd7e5b8c                _ZN14PlayerFunction17initMarioSubModelEPN2al9LiveActorERKNS0_13ActorInitInfoEbbbb = 0xfffffffffd7e5b8c
                0xfffffffffd7e2128                _ZN14PlayerFunction24initMarioHeadCostumeInfoEPN2al9LiveActorERKNS0_13ActorInitInfoEPKcS7_S7_S7_bbbbb = 0xfffffffffd7e2128
                0xfffffffffd7e2df4                _ZN14PlayerFunction19initMarioDepthModelEPN2al9LiveActorEbb = 0xfffffffffd7e2df4
                0xffffffffff17cb38                gameDrawTable = 0xffffffffff17cb38
                0xffffffffff17cad8                gameUpdateTable = 0xffffffffff17cad8
                0x0000000000000000                PROVIDE (__start__ = 0x0)
                0x0000000000000000                . = __start__
                0x0000000000000000                __code_start__ = .

.text           0x0000000000000000    0x11130
                0x0000000000000000                __text_start__ = .
 *(.text.crt0)
 .text.crt0     0x0000000000000000        0x8 crt0.o
                0x0000000000000000                __module_start
 *(.text .text.*)
 .text          0x0000000000000008        0x0 seadCalendarTime.o
 *fill*         0x0000000000000008        0x8 
 .text._ZN4sead14SafeStringBaseIcED2Ev
                0x0000000000000010        0x4 seadCalendarTime.o
                0x0000000000000010                sead::SafeStringBase<char>::~SafeStringBase()
                0x0000000000000010                sead::SafeStringBase<char>::~SafeStringBase()
 *fill*         0x0000000000000014        0xc 
 .text._ZNK4sead14SafeStringBaseIcE22assureTerminationImpl_Ev
                0x0000000000000020        0x4 seadCalendarTime.o
                0x0000000000000020                sead::SafeStringBase<char>::assureTerminationImpl_() const
 *fill*         0x0000000000000024        0xc 
 .text._ZN4sead14SafeStringBaseIcED0Ev
                0x0000000000000030        0x8 seadCalendarTime.o
                0x0000000000000030                sead::SafeStringBase<char>::~SafeStringBase()
 *fill*         0x0000000000000038        0x8 
 .text._ZN4sead12CalendarTime4Year8setValueEj
                0x0000000000000040        0x8 seadCalendarTime.o
                0x0000000000000040                sead::CalendarTime::Year::setValue(unsigned int)
 *fill*         0x0000000000000048        0x8 
 .text._ZN4sead12CalendarTime5Month17setValueOneOriginEj
                0x0000000000000050        0x8 seadCalendarTime.o
                0x0000000000000050                sead::CalendarTime::Month::setValueOneOrigin(unsigned int)
 *fill*         0x0000000000000058        0x8 
 .text._ZN4sead12CalendarTime5MonthC2Ej
                0x0000000000000060        0x4 seadCalendarTime.o
                0x0000000000000060                sead::CalendarTime::Month::Month(unsigned int)
                0x0000000000000060                sead::CalendarTime::Month::Month(unsigned int)
 *fill*         0x0000000000000064        0xc 
 .text._ZN4sead12CalendarTime5Month7addSelfEj
                0x0000000000000070       0x38 seadCalendarTime.o
                0x0000000000000070                sead::CalendarTime::Month::addSelf(unsigned int)
 *fill*         0x00000000000000a8        0x8 
 .text._ZN4sead12CalendarTime5Month7subSelfEj
                0x00000000000000b0       0x50 seadCalendarTime.o
                0x00000000000000b0                sead::CalendarTime::Month::subSelf(unsigned int)
 .text._ZNK4sead12CalendarTime5Month3subES1_
                0x0000000000000100        0xc seadCalendarTime.o
                0x0000000000000100                sead::CalendarTime::Month::sub(sead::CalendarTime::Month) const
 *fill*         0x000000000000010c        0x4 
 .text._ZN4sead12CalendarTime5Month19makeStringOneOriginEj
                0x0000000000000110      0x178 seadCalendarTime.o
                0x0000000000000110                sead::CalendarTime::Month::makeStringOneOrigin(unsigned int)
 *fill*         0x0000000000000288        0x8 
 .text._ZN4sead12CalendarTime5Month22makeFromValueOneOriginEj
                0x0000000000000290       0x1c seadCalendarTime.o
                0x0000000000000290                sead::CalendarTime::Month::makeFromValueOneOrigin(unsigned int)
 *fill*         0x00000000000002ac        0x4 
 .text._ZN4sead12CalendarTime3Day8setValueEj
                0x00000000000002b0        0x8 seadCalendarTime.o
                0x00000000000002b0                sead::CalendarTime::Day::setValue(unsigned int)
 *fill*         0x00000000000002b8        0x8 
 .text._ZN4sead12CalendarTime4Hour8setValueEj
                0x00000000000002c0        0x8 seadCalendarTime.o
                0x00000000000002c0                sead::CalendarTime::Hour::setValue(unsigned int)
 *fill*         0x00000000000002c8        0x8 
 .text._ZN4sead12CalendarTime6Minute8setValueEj
                0x00000000000002d0        0x8 seadCalendarTime.o
                0x00000000000002d0                sead::CalendarTime::Minute::setValue(unsigned int)
 *fill*         0x00000000000002d8        0x8 
 .text._ZN4sead12CalendarTime6Second8setValueEj
                0x00000000000002e0        0x8 seadCalendarTime.o
                0x00000000000002e0                sead::CalendarTime::Second::setValue(unsigned int)
 *fill*         0x00000000000002e8        0x8 
 .text._ZN4sead12CalendarTime4DateC2ERKNS0_4YearERKNS0_5MonthERKNS0_3DayE
                0x00000000000002f0       0x3c seadCalendarTime.o
                0x00000000000002f0                sead::CalendarTime::Date::Date(sead::CalendarTime::Year const&, sead::CalendarTime::Month const&, sead::CalendarTime::Day const&)
                0x00000000000002f0                sead::CalendarTime::Date::Date(sead::CalendarTime::Year const&, sead::CalendarTime::Month const&, sead::CalendarTime::Day const&)
 *fill*         0x000000000000032c        0x4 
 .text._ZN4sead12CalendarTime4TimeC2ERKNS0_4HourERKNS0_6MinuteERKNS0_6SecondE
                0x0000000000000330       0x18 seadCalendarTime.o
                0x0000000000000330                sead::CalendarTime::Time::Time(sead::CalendarTime::Hour const&, sead::CalendarTime::Minute const&, sead::CalendarTime::Second const&)
                0x0000000000000330                sead::CalendarTime::Time::Time(sead::CalendarTime::Hour const&, sead::CalendarTime::Minute const&, sead::CalendarTime::Second const&)
 *fill*         0x0000000000000348        0x8 
 .text._ZN4sead12CalendarTimeC2ERKNS0_4DateERKNS0_4TimeE
                0x0000000000000350       0x20 seadCalendarTime.o
                0x0000000000000350                sead::CalendarTime::CalendarTime(sead::CalendarTime::Date const&, sead::CalendarTime::Time const&)
                0x0000000000000350                sead::CalendarTime::CalendarTime(sead::CalendarTime::Date const&, sead::CalendarTime::Time const&)
 .text._ZN4sead12CalendarTimeC2ERKNS0_4YearERKNS0_5MonthERKNS0_3DayERKNS0_4HourERKNS0_6MinuteERKNS0_6SecondE
                0x0000000000000370       0x40 seadCalendarTime.o
                0x0000000000000370                sead::CalendarTime::CalendarTime(sead::CalendarTime::Year const&, sead::CalendarTime::Month const&, sead::CalendarTime::Day const&, sead::CalendarTime::Hour const&, sead::CalendarTime::Minute const&, sead::CalendarTime::Second const&)
                0x0000000000000370                sead::CalendarTime::CalendarTime(sead::CalendarTime::Year const&, sead::CalendarTime::Month const&, sead::CalendarTime::Day const&, sead::CalendarTime::Hour const&, sead::CalendarTime::Minute const&, sead::CalendarTime::Second const&)
 .text._ZNK4sead12CalendarTime11getYearDaysEv
                0x00000000000003b0       0x48 seadCalendarTime.o
                0x00000000000003b0                sead::CalendarTime::getYearDays() const
 *fill*         0x00000000000003f8        0x8 
 .text._ZN4sead12CalendarTime4Date8calcWeekEv
                0x0000000000000400       0x20 seadCalendarTime.o
                0x0000000000000400                sead::CalendarTime::Date::calcWeek()
 .text._ZN4sead12CalendarTime7setDateERKNS0_4DateE
                0x0000000000000420        0xc seadCalendarTime.o
                0x0000000000000420                sead::CalendarTime::setDate(sead::CalendarTime::Date const&)
 *fill*         0x000000000000042c        0x4 
 .text._ZN4sead12CalendarTime21makeWeekDayNameLabel_EPNS_22BufferedSafeStringBaseIcEENS0_4WeekE
                0x0000000000000430       0x28 seadCalendarTime.o
                0x0000000000000430                sead::CalendarTime::makeWeekDayNameLabel_(sead::BufferedSafeStringBase<char>*, sead::CalendarTime::Week)
 *fill*         0x0000000000000458        0x8 
 .text.startup._GLOBAL__sub_I_seadCalendarTime.cpp
                0x0000000000000460      0x128 seadCalendarTime.o
 .text          0x0000000000000588        0x0 seadDateSpan.o
 *fill*         0x0000000000000588        0x8 
 .text._ZN4sead8DateSpanC2El
                0x0000000000000590        0x8 seadDateSpan.o
                0x0000000000000590                sead::DateSpan::DateSpan(long)
                0x0000000000000590                sead::DateSpan::DateSpan(long)
 *fill*         0x0000000000000598        0x8 
 .text._ZNK4sead8DateSpan15getCalendarSpanEPNS_12CalendarSpanE
                0x00000000000005a0       0x10 seadDateSpan.o
                0x00000000000005a0                sead::DateSpan::getCalendarSpan(sead::CalendarSpan*) const
 .text._ZN4sead8DateSpan12setTimeImpl_Eiiii
                0x00000000000005b0       0x2c seadDateSpan.o
                0x00000000000005b0                sead::DateSpan::setTimeImpl_(int, int, int, int)
 *fill*         0x00000000000005dc        0x4 
 .text._ZN4sead8DateSpan3setERKNS_12CalendarSpanE
                0x00000000000005e0       0x10 seadDateSpan.o
                0x00000000000005e0                sead::DateSpan::set(sead::CalendarSpan const&)
 .text._ZN4sead8DateSpanC2ERKNS_12CalendarSpanE
                0x00000000000005f0        0x4 seadDateSpan.o
                0x00000000000005f0                sead::DateSpan::DateSpan(sead::CalendarSpan const&)
                0x00000000000005f0                sead::DateSpan::DateSpan(sead::CalendarSpan const&)
 *fill*         0x00000000000005f4        0xc 
 .text._ZN4sead8DateSpan3setERKNS_12CalendarSpan3DayERKNS1_4HourERKNS1_6MinuteERKNS1_6SecondE
                0x0000000000000600       0x14 seadDateSpan.o
                0x0000000000000600                sead::DateSpan::set(sead::CalendarSpan::Day const&, sead::CalendarSpan::Hour const&, sead::CalendarSpan::Minute const&, sead::CalendarSpan::Second const&)
 *fill*         0x0000000000000614        0xc 
 .text._ZN4sead8DateSpanC2ERKNS_12CalendarSpan3DayERKNS1_4HourERKNS1_6MinuteERKNS1_6SecondE
                0x0000000000000620        0x4 seadDateSpan.o
                0x0000000000000620                sead::DateSpan::DateSpan(sead::CalendarSpan::Day const&, sead::CalendarSpan::Hour const&, sead::CalendarSpan::Minute const&, sead::CalendarSpan::Second const&)
                0x0000000000000620                sead::DateSpan::DateSpan(sead::CalendarSpan::Day const&, sead::CalendarSpan::Hour const&, sead::CalendarSpan::Minute const&, sead::CalendarSpan::Second const&)
 .text          0x0000000000000624        0x0 seadDateTime.o
 *fill*         0x0000000000000624        0xc 
 .text._ZN4sead8DateTimeC2Em
                0x0000000000000630        0x8 seadDateTime.o
                0x0000000000000630                sead::DateTime::DateTime(unsigned long)
                0x0000000000000630                sead::DateTime::DateTime(unsigned long)
 *fill*         0x0000000000000638        0x8 
 .text._ZN4sead8DateTime11setUnixTimeERKNS_12CalendarTimeE
                0x0000000000000640       0xdc seadDateTime.o
                0x0000000000000640                sead::DateTime::setUnixTime(sead::CalendarTime const&)
 *fill*         0x000000000000071c        0x4 
 .text._ZN4sead8DateTimeC2ERKNS_12CalendarTimeE
                0x0000000000000720        0x4 seadDateTime.o
                0x0000000000000720                sead::DateTime::DateTime(sead::CalendarTime const&)
                0x0000000000000720                sead::DateTime::DateTime(sead::CalendarTime const&)
 *fill*         0x0000000000000724        0xc 
 .text._ZN4sead8DateTime11setUnixTimeERKNS_12CalendarTime4YearERKNS1_5MonthERKNS1_3DayERKNS1_4HourERKNS1_6MinuteERKNS1_6SecondE
                0x0000000000000730      0x104 seadDateTime.o
                0x0000000000000730                sead::DateTime::setUnixTime(sead::CalendarTime::Year const&, sead::CalendarTime::Month const&, sead::CalendarTime::Day const&, sead::CalendarTime::Hour const&, sead::CalendarTime::Minute const&, sead::CalendarTime::Second const&)
 *fill*         0x0000000000000834        0xc 
 .text._ZN4sead8DateTimeC2ERKNS_12CalendarTime4YearERKNS1_5MonthERKNS1_3DayERKNS1_4HourERKNS1_6MinuteERKNS1_6SecondE
                0x0000000000000840        0x4 seadDateTime.o
                0x0000000000000840                sead::DateTime::DateTime(sead::CalendarTime::Year const&, sead::CalendarTime::Month const&, sead::CalendarTime::Day const&, sead::CalendarTime::Hour const&, sead::CalendarTime::Minute const&, sead::CalendarTime::Second const&)
                0x0000000000000840                sead::DateTime::DateTime(sead::CalendarTime::Year const&, sead::CalendarTime::Month const&, sead::CalendarTime::Day const&, sead::CalendarTime::Hour const&, sead::CalendarTime::Minute const&, sead::CalendarTime::Second const&)
 *fill*         0x0000000000000844        0xc 
 .text._ZNK4sead8DateTime15getCalendarTimeEPNS_12CalendarTimeE
                0x0000000000000850      0x2c0 seadDateTime.o
                0x0000000000000850                sead::DateTime::getCalendarTime(sead::CalendarTime*) const
 .text._ZNK4sead8DateTime4diffES0_
                0x0000000000000b10       0x20 seadDateTime.o
                0x0000000000000b10                sead::DateTime::diff(sead::DateTime) const
 .text._ZN4sead8DateTime26initializeSystemTimeModuleEv
                0x0000000000000b30       0x3c seadDateTime.o
                0x0000000000000b30                sead::DateTime::initializeSystemTimeModule()
 *fill*         0x0000000000000b6c        0x4 
 .text._ZN4sead8DateTime6setNowEv
                0x0000000000000b70       0xcc seadDateTime.o
                0x0000000000000b70                sead::DateTime::setNow()
 *fill*         0x0000000000000c3c        0x4 
 .text._ZNK4sead8DateTime9diffToNowEv
                0x0000000000000c40       0x3c seadDateTime.o
                0x0000000000000c40                sead::DateTime::diffToNow() const
 *fill*         0x0000000000000c7c        0x4 
 .text._ZN4seadmiENS_8DateTimeES0_
                0x0000000000000c80       0x1c seadDateTime.o
                0x0000000000000c80                sead::operator-(sead::DateTime, sead::DateTime)
 *fill*         0x0000000000000c9c        0x4 
 .text._ZN4seadmiENS_8DateTimeENS_8DateSpanE
                0x0000000000000ca0       0x1c seadDateTime.o
                0x0000000000000ca0                sead::operator-(sead::DateTime, sead::DateSpan)
 *fill*         0x0000000000000cbc        0x4 
 .text._ZN4seadplENS_8DateTimeENS_8DateSpanE
                0x0000000000000cc0       0x1c seadDateTime.o
                0x0000000000000cc0                sead::operator+(sead::DateTime, sead::DateSpan)
 .text          0x0000000000000cdc        0x0 seadDateTimeUtc.o
 *fill*         0x0000000000000cdc        0x4 
 .text._ZN4sead11DateTimeUtcC2Em
                0x0000000000000ce0        0x8 seadDateTimeUtc.o
                0x0000000000000ce0                sead::DateTimeUtc::DateTimeUtc(unsigned long)
                0x0000000000000ce0                sead::DateTimeUtc::DateTimeUtc(unsigned long)
 *fill*         0x0000000000000ce8        0x8 
 .text._ZN4sead11DateTimeUtcC2ERKNS_8DateTimeE
                0x0000000000000cf0       0xac seadDateTimeUtc.o
                0x0000000000000cf0                sead::DateTimeUtc::DateTimeUtc(sead::DateTime const&)
                0x0000000000000cf0                sead::DateTimeUtc::DateTimeUtc(sead::DateTime const&)
 *fill*         0x0000000000000d9c        0x4 
 .text._ZN4sead11DateTimeUtc6setNowEv
                0x0000000000000da0       0x24 seadDateTimeUtc.o
                0x0000000000000da0                sead::DateTimeUtc::setNow()
 *fill*         0x0000000000000dc4        0xc 
 .text._ZN4sead11DateTimeUtc11setUnixTimeERKNS_12CalendarTimeE
                0x0000000000000dd0       0x54 seadDateTimeUtc.o
                0x0000000000000dd0                sead::DateTimeUtc::setUnixTime(sead::CalendarTime const&)
 *fill*         0x0000000000000e24        0xc 
 .text._ZN4sead11DateTimeUtcC2ERKNS_12CalendarTimeE
                0x0000000000000e30        0x4 seadDateTimeUtc.o
                0x0000000000000e30                sead::DateTimeUtc::DateTimeUtc(sead::CalendarTime const&)
                0x0000000000000e30                sead::DateTimeUtc::DateTimeUtc(sead::CalendarTime const&)
 *fill*         0x0000000000000e34        0xc 
 .text._ZN4sead11DateTimeUtc11setUnixTimeERKNS_12CalendarTime4YearERKNS1_5MonthERKNS1_3DayERKNS1_4HourERKNS1_6MinuteERKNS1_6SecondE
                0x0000000000000e40       0x98 seadDateTimeUtc.o
                0x0000000000000e40                sead::DateTimeUtc::setUnixTime(sead::CalendarTime::Year const&, sead::CalendarTime::Month const&, sead::CalendarTime::Day const&, sead::CalendarTime::Hour const&, sead::CalendarTime::Minute const&, sead::CalendarTime::Second const&)
 *fill*         0x0000000000000ed8        0x8 
 .text._ZN4sead11DateTimeUtcC2ERKNS_12CalendarTime4YearERKNS1_5MonthERKNS1_3DayERKNS1_4HourERKNS1_6MinuteERKNS1_6SecondE
                0x0000000000000ee0        0x4 seadDateTimeUtc.o
                0x0000000000000ee0                sead::DateTimeUtc::DateTimeUtc(sead::CalendarTime::Year const&, sead::CalendarTime::Month const&, sead::CalendarTime::Day const&, sead::CalendarTime::Hour const&, sead::CalendarTime::Minute const&, sead::CalendarTime::Second const&)
                0x0000000000000ee0                sead::DateTimeUtc::DateTimeUtc(sead::CalendarTime::Year const&, sead::CalendarTime::Month const&, sead::CalendarTime::Day const&, sead::CalendarTime::Hour const&, sead::CalendarTime::Minute const&, sead::CalendarTime::Second const&)
 *fill*         0x0000000000000ee4        0xc 
 .text._ZNK4sead11DateTimeUtc15getCalendarTimeEPNS_12CalendarTimeE
                0x0000000000000ef0       0xec seadDateTimeUtc.o
                0x0000000000000ef0                sead::DateTimeUtc::getCalendarTime(sead::CalendarTime*) const
 *fill*         0x0000000000000fdc        0x4 
 .text._ZNK4sead11DateTimeUtc4diffES0_
                0x0000000000000fe0       0x20 seadDateTimeUtc.o
                0x0000000000000fe0                sead::DateTimeUtc::diff(sead::DateTimeUtc) const
 .text._ZNK4sead11DateTimeUtc9diffToNowEv
                0x0000000000001000       0x3c seadDateTimeUtc.o
                0x0000000000001000                sead::DateTimeUtc::diffToNow() const
 *fill*         0x000000000000103c        0x4 
 .text._ZN4seadmiENS_11DateTimeUtcES0_
                0x0000000000001040       0x1c seadDateTimeUtc.o
                0x0000000000001040                sead::operator-(sead::DateTimeUtc, sead::DateTimeUtc)
 *fill*         0x000000000000105c        0x4 
 .text._ZN4seadmiENS_11DateTimeUtcENS_8DateSpanE
                0x0000000000001060       0x1c seadDateTimeUtc.o
                0x0000000000001060                sead::operator-(sead::DateTimeUtc, sead::DateSpan)
 *fill*         0x000000000000107c        0x4 
 .text._ZN4seadplENS_11DateTimeUtcENS_8DateSpanE
                0x0000000000001080       0x1c seadDateTimeUtc.o
                0x0000000000001080                sead::operator+(sead::DateTimeUtc, sead::DateSpan)
 .text          0x000000000000109c        0x0 seadDateUtil.o
 *fill*         0x000000000000109c        0x4 
 .text._ZN4sead22BufferedSafeStringBaseIcED2Ev
                0x00000000000010a0        0x4 seadDateUtil.o
                0x00000000000010a0                sead::BufferedSafeStringBase<char>::~BufferedSafeStringBase()
                0x00000000000010a0                sead::BufferedSafeStringBase<char>::~BufferedSafeStringBase()
 *fill*         0x00000000000010a4        0xc 
 .text._ZN4sead15FixedSafeStringILi8EED2Ev
                0x00000000000010b0        0x4 seadDateUtil.o
                0x00000000000010b0                sead::FixedSafeString<8>::~FixedSafeString()
                0x00000000000010b0                sead::FixedSafeString<8>::~FixedSafeString()
 *fill*         0x00000000000010b4        0xc 
 .text._ZN4sead15FixedSafeStringILi8EED0Ev
                0x00000000000010c0        0x8 seadDateUtil.o
                0x00000000000010c0                sead::FixedSafeString<8>::~FixedSafeString()
 *fill*         0x00000000000010c8        0x8 
 .text._ZN4sead22BufferedSafeStringBaseIcED0Ev
                0x00000000000010d0        0x8 seadDateUtil.o
                0x00000000000010d0                sead::BufferedSafeStringBase<char>::~BufferedSafeStringBase()
 *fill*         0x00000000000010d8        0x8 
 .text._ZN4sead15FixedSafeStringILi8EEaSERKNS_14SafeStringBaseIcEE
                0x00000000000010e0       0xc0 seadDateUtil.o
                0x00000000000010e0                sead::FixedSafeString<8>::operator=(sead::SafeStringBase<char> const&)
 .text._ZN4sead8DateUtil10isLeapYearEj
                0x00000000000011a0       0x58 seadDateUtil.o
                0x00000000000011a0                sead::DateUtil::isLeapYear(unsigned int)
 *fill*         0x00000000000011f8        0x8 
 .text._ZN4sead8DateUtil11calcWeekDayERKNS_12CalendarTime4YearERKNS1_5MonthERKNS1_3DayE
                0x0000000000001200       0xa8 seadDateUtil.o
                0x0000000000001200                sead::DateUtil::calcWeekDay(sead::CalendarTime::Year const&, sead::CalendarTime::Month const&, sead::CalendarTime::Day const&)
 *fill*         0x00000000000012a8        0x8 
 .text._ZN4sead8DateUtil24calcSecondToCalendarSpanEPNS_12CalendarSpanEm
                0x00000000000012b0       0x90 seadDateUtil.o
                0x00000000000012b0                sead::DateUtil::calcSecondToCalendarSpan(sead::CalendarSpan*, unsigned long)
 .text._ZN4sead8DateUtil20parseW3CDTFSubStringEPbPjPNS_14SafeStringBaseIcEEPiPciRKS4_bjj
                0x0000000000001340      0x318 seadDateUtil.o
                0x0000000000001340                sead::DateUtil::parseW3CDTFSubString(bool*, unsigned int*, sead::SafeStringBase<char>*, int*, char*, int, sead::SafeStringBase<char> const&, bool, unsigned int, unsigned int)
 *fill*         0x0000000000001658        0x8 
 .text._ZN4sead8DateUtil17parseW3CDTFStringEPNS_12CalendarTimeEPNS_12CalendarSpanERKNS_14SafeStringBaseIcEE
                0x0000000000001660      0x5e8 seadDateUtil.o
                0x0000000000001660                sead::DateUtil::parseW3CDTFString(sead::CalendarTime*, sead::CalendarSpan*, sead::SafeStringBase<char> const&)
 .text          0x0000000000001c48        0x0 seadTickSpan.o
 .text          0x0000000000001c48        0x0 seadNew.o
 *fill*         0x0000000000001c48        0x8 
 .text._Znwm    0x0000000000001c50       0x14 seadNew.o
                0x0000000000001c50                operator new(unsigned long)
 *fill*         0x0000000000001c64        0xc 
 .text._Znam    0x0000000000001c70       0x14 seadNew.o
                0x0000000000001c70                operator new[](unsigned long)
 *fill*         0x0000000000001c84        0xc 
 .text._ZnwmRKSt9nothrow_t
                0x0000000000001c90       0x14 seadNew.o
                0x0000000000001c90                operator new(unsigned long, std::nothrow_t const&)
 *fill*         0x0000000000001ca4        0xc 
 .text._ZnamRKSt9nothrow_t
                0x0000000000001cb0       0x14 seadNew.o
                0x0000000000001cb0                operator new[](unsigned long, std::nothrow_t const&)
 *fill*         0x0000000000001cc4        0xc 
 .text._Znwmi   0x0000000000001cd0       0x14 seadNew.o
                0x0000000000001cd0                operator new(unsigned long, int)
 *fill*         0x0000000000001ce4        0xc 
 .text._Znami   0x0000000000001cf0       0x14 seadNew.o
                0x0000000000001cf0                operator new[](unsigned long, int)
 *fill*         0x0000000000001d04        0xc 
 .text._ZnwmiRKSt9nothrow_t
                0x0000000000001d10       0x14 seadNew.o
                0x0000000000001d10                operator new(unsigned long, int, std::nothrow_t const&)
 *fill*         0x0000000000001d24        0xc 
 .text._ZnamiRKSt9nothrow_t
                0x0000000000001d30       0x14 seadNew.o
                0x0000000000001d30                operator new[](unsigned long, int, std::nothrow_t const&)
 *fill*         0x0000000000001d44        0xc 
 .text._ZnwmPN4sead4HeapEi
                0x0000000000001d50       0x14 seadNew.o
                0x0000000000001d50                operator new(unsigned long, sead::Heap*, int)
 *fill*         0x0000000000001d64        0xc 
 .text._ZnamPN4sead4HeapEi
                0x0000000000001d70       0x14 seadNew.o
                0x0000000000001d70                operator new[](unsigned long, sead::Heap*, int)
 *fill*         0x0000000000001d84        0xc 
 .text._ZnwmPN4sead4HeapEiRKSt9nothrow_t
                0x0000000000001d90       0x14 seadNew.o
                0x0000000000001d90                operator new(unsigned long, sead::Heap*, int, std::nothrow_t const&)
 *fill*         0x0000000000001da4        0xc 
 .text._ZnamPN4sead4HeapEiRKSt9nothrow_t
                0x0000000000001db0       0x14 seadNew.o
                0x0000000000001db0                operator new[](unsigned long, sead::Heap*, int, std::nothrow_t const&)
 *fill*         0x0000000000001dc4        0xc 
 .text._ZnwmPN4sead4HeapERKSt9nothrow_t
                0x0000000000001dd0       0x18 seadNew.o
                0x0000000000001dd0                operator new(unsigned long, sead::Heap*, std::nothrow_t const&)
 *fill*         0x0000000000001de8        0x8 
 .text._ZnamPN4sead4HeapERKSt9nothrow_t
                0x0000000000001df0       0x18 seadNew.o
                0x0000000000001df0                operator new[](unsigned long, sead::Heap*, std::nothrow_t const&)
 *fill*         0x0000000000001e08        0x8 
 .text._ZdlPv   0x0000000000001e10        0x4 seadNew.o
                0x0000000000001e10                operator delete(void*)
 *fill*         0x0000000000001e14        0xc 
 .text._ZdaPv   0x0000000000001e20        0x4 seadNew.o
                0x0000000000001e20                operator delete[](void*)
 *fill*         0x0000000000001e24        0xc 
 .text._ZdlPvRKSt9nothrow_t
                0x0000000000001e30        0x4 seadNew.o
                0x0000000000001e30                operator delete(void*, std::nothrow_t const&)
 *fill*         0x0000000000001e34        0xc 
 .text._ZdaPvRKSt9nothrow_t
                0x0000000000001e40        0x4 seadNew.o
                0x0000000000001e40                operator delete[](void*, std::nothrow_t const&)
 *fill*         0x0000000000001e44        0xc 
 .text._ZdlPvi  0x0000000000001e50        0x4 seadNew.o
                0x0000000000001e50                operator delete(void*, int)
 *fill*         0x0000000000001e54        0xc 
 .text._ZdaPvi  0x0000000000001e60        0x4 seadNew.o
                0x0000000000001e60                operator delete[](void*, int)
 *fill*         0x0000000000001e64        0xc 
 .text._ZdlPviRKSt9nothrow_t
                0x0000000000001e70        0x4 seadNew.o
                0x0000000000001e70                operator delete(void*, int, std::nothrow_t const&)
 *fill*         0x0000000000001e74        0xc 
 .text._ZdaPviRKSt9nothrow_t
                0x0000000000001e80        0x4 seadNew.o
                0x0000000000001e80                operator delete[](void*, int, std::nothrow_t const&)
 *fill*         0x0000000000001e84        0xc 
 .text._ZdlPvPN4sead4HeapERKSt9nothrow_t
                0x0000000000001e90        0x4 seadNew.o
                0x0000000000001e90                operator delete(void*, sead::Heap*, std::nothrow_t const&)
 *fill*         0x0000000000001e94        0xc 
 .text._ZdaPvPN4sead4HeapERKSt9nothrow_t
                0x0000000000001ea0        0x4 seadNew.o
                0x0000000000001ea0                operator delete[](void*, sead::Heap*, std::nothrow_t const&)
 *fill*         0x0000000000001ea4        0xc 
 .text._ZdlPvPN4sead4HeapEi
                0x0000000000001eb0       0x1c seadNew.o
                0x0000000000001eb0                operator delete(void*, sead::Heap*, int)
 *fill*         0x0000000000001ecc        0x4 
 .text._ZdaPvPN4sead4HeapEi
                0x0000000000001ed0       0x1c seadNew.o
                0x0000000000001ed0                operator delete[](void*, sead::Heap*, int)
 *fill*         0x0000000000001eec        0x4 
 .text._ZdlPvPN4sead4HeapEiRKSt9nothrow_t
                0x0000000000001ef0        0x4 seadNew.o
                0x0000000000001ef0                operator delete(void*, sead::Heap*, int, std::nothrow_t const&)
 *fill*         0x0000000000001ef4        0xc 
 .text._ZdaPvPN4sead4HeapEiRKSt9nothrow_t
                0x0000000000001f00        0x4 seadNew.o
                0x0000000000001f00                operator delete[](void*, sead::Heap*, int, std::nothrow_t const&)
 .text          0x0000000000001f04        0x0 PuppetActor.o
 *fill*         0x0000000000001f04        0xc 
 .text._ZNK2al9LiveActor7getNameEv
                0x0000000000001f10       0x24 PuppetActor.o
                0x0000000000001f10                al::LiveActor::getName() const
                0x0000000000001f20                virtual thunk to al::LiveActor::getName() const
 *fill*         0x0000000000001f34        0xc 
 .text._ZNK2al9LiveActor15getEffectKeeperEv
                0x0000000000001f40       0x18 PuppetActor.o
                0x0000000000001f40                al::LiveActor::getEffectKeeper() const
                0x0000000000001f50                non-virtual thunk to al::LiveActor::getEffectKeeper() const
 *fill*         0x0000000000001f58        0x8 
 .text._ZNK2al9LiveActor14getAudioKeeperEv
                0x0000000000001f60       0x18 PuppetActor.o
                0x0000000000001f60                al::LiveActor::getAudioKeeper() const
                0x0000000000001f70                non-virtual thunk to al::LiveActor::getAudioKeeper() const
 *fill*         0x0000000000001f78        0x8 
 .text._ZNK2al9LiveActor20getStageSwitchKeeperEv
                0x0000000000001f80       0x18 PuppetActor.o
                0x0000000000001f80                al::LiveActor::getStageSwitchKeeper() const
                0x0000000000001f90                non-virtual thunk to al::LiveActor::getStageSwitchKeeper() const
 *fill*         0x0000000000001f98        0x8 
 .text._ZNK2al9LiveActor12getRailRiderEv
                0x0000000000001fa0       0x40 PuppetActor.o
                0x0000000000001fa0                al::LiveActor::getRailRider() const
                0x0000000000001fc0                non-virtual thunk to al::LiveActor::getRailRider() const
 .text._ZNK2al9LiveActor17getSceneObjHolderEv
                0x0000000000001fe0       0x1c PuppetActor.o
                0x0000000000001fe0                al::LiveActor::getSceneObjHolder() const
                0x0000000000001ff0                non-virtual thunk to al::LiveActor::getSceneObjHolder() const
 *fill*         0x0000000000001ffc        0x4 
 .text._ZNK2al9LiveActor20getCollisionDirectorEv
                0x0000000000002000       0x1c PuppetActor.o
                0x0000000000002000                al::LiveActor::getCollisionDirector() const
                0x0000000000002010                non-virtual thunk to al::LiveActor::getCollisionDirector() const
 *fill*         0x000000000000201c        0x4 
 .text._ZNK2al9LiveActor18getAreaObjDirectorEv
                0x0000000000002020       0x1c PuppetActor.o
                0x0000000000002020                al::LiveActor::getAreaObjDirector() const
                0x0000000000002030                non-virtual thunk to al::LiveActor::getAreaObjDirector() const
 *fill*         0x000000000000203c        0x4 
 .text._ZNK2al9LiveActor17getCameraDirectorEv
                0x0000000000002040       0x1c PuppetActor.o
                0x0000000000002040                al::LiveActor::getCameraDirector() const
                0x0000000000002050                non-virtual thunk to al::LiveActor::getCameraDirector() const
 *fill*         0x000000000000205c        0x4 
 .text._ZNK11PuppetActor7getNameEv
                0x0000000000002060       0x40 PuppetActor.o
                0x0000000000002060                PuppetActor::getName() const
                0x0000000000002080                virtual thunk to PuppetActor::getName() const
 .text._ZN2al9StringTmpILi64EED2Ev
                0x00000000000020a0        0x4 PuppetActor.o
                0x00000000000020a0                al::StringTmp<64>::~StringTmp()
                0x00000000000020a0                al::StringTmp<64>::~StringTmp()
 *fill*         0x00000000000020a4        0xc 
 .text._ZN2al9StringTmpILi128EED2Ev
                0x00000000000020b0        0x4 PuppetActor.o
                0x00000000000020b0                al::StringTmp<128>::~StringTmp()
                0x00000000000020b0                al::StringTmp<128>::~StringTmp()
 *fill*         0x00000000000020b4        0xc 
 .text._ZN2al9StringTmpILi256EED2Ev
                0x00000000000020c0        0x4 PuppetActor.o
                0x00000000000020c0                al::StringTmp<256>::~StringTmp()
                0x00000000000020c0                al::StringTmp<256>::~StringTmp()
 *fill*         0x00000000000020c4        0xc 
 .text._ZN2al9StringTmpILi64EED0Ev
                0x00000000000020d0        0x8 PuppetActor.o
                0x00000000000020d0                al::StringTmp<64>::~StringTmp()
 *fill*         0x00000000000020d8        0x8 
 .text._ZN2al9StringTmpILi128EED0Ev
                0x00000000000020e0        0x8 PuppetActor.o
                0x00000000000020e0                al::StringTmp<128>::~StringTmp()
 *fill*         0x00000000000020e8        0x8 
 .text._ZN2al9StringTmpILi256EED0Ev
                0x00000000000020f0        0x8 PuppetActor.o
                0x00000000000020f0                al::StringTmp<256>::~StringTmp()
 *fill*         0x00000000000020f8        0x8 
 .text._ZN11PuppetActor18initAfterPlacementEv
                0x0000000000002100        0x4 PuppetActor.o
                0x0000000000002100                PuppetActor::initAfterPlacement()
 *fill*         0x0000000000002104        0xc 
 .text._ZN11PuppetActor8movementEv
                0x0000000000002110        0x4 PuppetActor.o
                0x0000000000002110                PuppetActor::movement()
 *fill*         0x0000000000002114        0xc 
 .text._ZN11PuppetActor8calcAnimEv
                0x0000000000002120        0x4 PuppetActor.o
                0x0000000000002120                PuppetActor::calcAnim()
 *fill*         0x0000000000002124        0xc 
 .text._ZN11PuppetActor12attackSensorEPN2al9HitSensorES2_
                0x0000000000002130       0x3c PuppetActor.o
                0x0000000000002130                PuppetActor::attackSensor(al::HitSensor*, al::HitSensor*)
 *fill*         0x000000000000216c        0x4 
 .text._ZN11PuppetActor10receiveMsgEPKN2al9SensorMsgEPNS0_9HitSensorES5_
                0x0000000000002170       0x84 PuppetActor.o
                0x0000000000002170                PuppetActor::receiveMsg(al::SensorMsg const*, al::HitSensor*, al::HitSensor*)
 *fill*         0x00000000000021f4        0xc 
 .text._ZN2al9LiveActor21initStageSwitchKeeperEv
                0x0000000000002200       0x5c PuppetActor.o
                0x0000000000002200                al::LiveActor::initStageSwitchKeeper()
                0x0000000000002230                non-virtual thunk to al::LiveActor::initStageSwitchKeeper()
 *fill*         0x000000000000225c        0x4 
 .text._ZN4sead15FixedSafeStringILi256EEaSERKNS_14SafeStringBaseIcEE
                0x0000000000002260       0xc0 PuppetActor.o
                0x0000000000002260                sead::FixedSafeString<256>::operator=(sead::SafeStringBase<char> const&)
 .text._ZN4sead15FixedSafeStringILi64EEaSERKNS_14SafeStringBaseIcEE
                0x0000000000002320       0xc0 PuppetActor.o
                0x0000000000002320                sead::FixedSafeString<64>::operator=(sead::SafeStringBase<char> const&)
 .text._ZN4sead15FixedSafeStringILi128EEaSERKNS_14SafeStringBaseIcEE
                0x00000000000023e0       0xc0 PuppetActor.o
                0x00000000000023e0                sead::FixedSafeString<128>::operator=(sead::SafeStringBase<char> const&)
 .text._ZN11PuppetActorC2EPKc
                0x00000000000024a0       0xd8 PuppetActor.o
                0x00000000000024a0                PuppetActor::PuppetActor(char const*)
 *fill*         0x0000000000002578        0x8 
 .text._ZN11PuppetActorC1EPKc
                0x0000000000002580       0xe4 PuppetActor.o
                0x0000000000002580                PuppetActor::PuppetActor(char const*)
 *fill*         0x0000000000002664        0xc 
 .text._ZN11PuppetActor10initOnlineEP10PuppetInfo
                0x0000000000002670       0x10 PuppetActor.o
                0x0000000000002670                PuppetActor::initOnline(PuppetInfo*)
 .text._ZN11PuppetActor15isInCaptureListEPKc
                0x0000000000002680       0x1c PuppetActor.o
                0x0000000000002680                PuppetActor::isInCaptureList(char const*)
 *fill*         0x000000000000269c        0x4 
 .text._ZN11PuppetActor10addCaptureEP15PuppetHackActorPKc
                0x00000000000026a0        0x8 PuppetActor.o
                0x00000000000026a0                PuppetActor::addCapture(PuppetHackActor*, char const*)
 *fill*         0x00000000000026a8        0x8 
 .text._ZN11PuppetActor15getCurrentModelEv
                0x00000000000026b0       0x38 PuppetActor.o
                0x00000000000026b0                PuppetActor::getCurrentModel()
 *fill*         0x00000000000026e8        0x8 
 .text._ZN11PuppetActor14makeActorAliveEv
                0x00000000000026f0       0x50 PuppetActor.o
                0x00000000000026f0                PuppetActor::makeActorAlive()
 .text._ZN11PuppetActor13makeActorDeadEv
                0x0000000000002740       0x4c PuppetActor.o
                0x0000000000002740                PuppetActor::makeActorDead()
 *fill*         0x000000000000278c        0x4 
 .text._ZN11PuppetActor11hairControlEv
                0x0000000000002790      0x114 PuppetActor.o
                0x0000000000002790                PuppetActor::hairControl()
 *fill*         0x00000000000028a4        0xc 
 .text._ZN11PuppetActor14isNeedBlendingEv
                0x00000000000028b0       0x64 PuppetActor.o
                0x00000000000028b0                PuppetActor::isNeedBlending()
 *fill*         0x0000000000002914        0xc 
 .text._ZN11PuppetActor11changeModelEPKc
                0x0000000000002920       0x4c PuppetActor.o
                0x0000000000002920                PuppetActor::changeModel(char const*)
 *fill*         0x000000000000296c        0x4 
 .text._ZN11PuppetActor21debugTeleportCapturesERKN4sead7Vector3IfEE
                0x0000000000002970       0x88 PuppetActor.o
                0x0000000000002970                PuppetActor::debugTeleportCaptures(sead::Vector3<float> const&)
 *fill*         0x00000000000029f8        0x8 
 .text._ZN11PuppetActor20debugTeleportCaptureERKN4sead7Vector3IfEEi
                0x0000000000002a00       0x4c PuppetActor.o
                0x0000000000002a00                PuppetActor::debugTeleportCapture(sead::Vector3<float> const&, int)
 *fill*         0x0000000000002a4c        0x4 
 .text._ZN11PuppetActor10setCaptureEPKc
                0x0000000000002a50      0x108 PuppetActor.o
                0x0000000000002a50                PuppetActor::setCapture(char const*)
 *fill*         0x0000000000002b58        0x8 
 .text._ZN11PuppetActor8syncPoseEv
                0x0000000000002b60       0x58 PuppetActor.o
                0x0000000000002b60                PuppetActor::syncPose()
 *fill*         0x0000000000002bb8        0x8 
 .text._ZN11PuppetActor14emitJoinEffectEv
                0x0000000000002bc0       0x38 PuppetActor.o
                0x0000000000002bc0                PuppetActor::emitJoinEffect()
 *fill*         0x0000000000002bf8        0x8 
 .text._ZN2al9StringTmpILi64EEC2EPKcz
                0x0000000000002c00       0xbc PuppetActor.o
                0x0000000000002c00                al::StringTmp<64>::StringTmp(char const*, ...)
                0x0000000000002c00                al::StringTmp<64>::StringTmp(char const*, ...)
 *fill*         0x0000000000002cbc        0x4 
 .text._ZN2al9StringTmpILi128EEC2EPKcz
                0x0000000000002cc0       0xbc PuppetActor.o
                0x0000000000002cc0                al::StringTmp<128>::StringTmp(char const*, ...)
                0x0000000000002cc0                al::StringTmp<128>::StringTmp(char const*, ...)
 *fill*         0x0000000000002d7c        0x4 
 .text._ZN11PuppetActor11startActionEPKc
                0x0000000000002d80      0x148 PuppetActor.o
                0x0000000000002d80                PuppetActor::startAction(char const*)
 *fill*         0x0000000000002ec8        0x8 
 .text._ZN11PuppetActor7controlEv
                0x0000000000002ed0      0x310 PuppetActor.o
                0x0000000000002ed0                PuppetActor::control()
 .text._ZN2al9StringTmpILi256EEC2EPKcz
                0x00000000000031e0       0xbc PuppetActor.o
                0x00000000000031e0                al::StringTmp<256>::StringTmp(char const*, ...)
                0x00000000000031e0                al::StringTmp<256>::StringTmp(char const*, ...)
 *fill*         0x000000000000329c        0x4 
 .text._Z24initMarioHeadCostumeInfoPN2al9LiveActorERKNS_13ActorInitInfoEPKcS6_S6_S6_
                0x00000000000032a0      0x1c4 PuppetActor.o
                0x00000000000032a0                initMarioHeadCostumeInfo(al::LiveActor*, al::ActorInitInfo const&, char const*, char const*, char const*, char const*)
 *fill*         0x0000000000003464        0xc 
 .text._Z20initMarioModelPuppetPN2al9LiveActorERKNS_13ActorInitInfoEPKcS6_iPNS_11AudioKeeperE
                0x0000000000003470      0x510 PuppetActor.o
                0x0000000000003470                initMarioModelPuppet(al::LiveActor*, al::ActorInitInfo const&, char const*, char const*, int, al::AudioKeeper*)
 .text._ZN11PuppetActor4initERKN2al13ActorInitInfoE
                0x0000000000003980      0x23c PuppetActor.o
                0x0000000000003980                PuppetActor::init(al::ActorInitInfo const&)
 .text          0x0000000000003bbc        0x0 PuppetCapActor.o
 *fill*         0x0000000000003bbc        0x4 
 .text._ZN4sead15FixedSafeStringILi32EED2Ev
                0x0000000000003bc0        0x4 PuppetCapActor.o
                0x0000000000003bc0                sead::FixedSafeString<32>::~FixedSafeString()
                0x0000000000003bc0                sead::FixedSafeString<32>::~FixedSafeString()
 *fill*         0x0000000000003bc4        0xc 
 .text._ZN14PuppetCapActor4initERKN2al13ActorInitInfoE
                0x0000000000003bd0       0xd8 PuppetCapActor.o
                0x0000000000003bd0                PuppetCapActor::init(al::ActorInitInfo const&)
 *fill*         0x0000000000003ca8        0x8 
 .text._ZN4sead15FixedSafeStringILi32EED0Ev
                0x0000000000003cb0        0x8 PuppetCapActor.o
                0x0000000000003cb0                sead::FixedSafeString<32>::~FixedSafeString()
 *fill*         0x0000000000003cb8        0x8 
 .text._ZN14PuppetCapActor18initAfterPlacementEv
                0x0000000000003cc0        0x4 PuppetCapActor.o
                0x0000000000003cc0                PuppetCapActor::initAfterPlacement()
 *fill*         0x0000000000003cc4        0xc 
 .text._ZN14PuppetCapActor8movementEv
                0x0000000000003cd0        0x4 PuppetCapActor.o
                0x0000000000003cd0                PuppetCapActor::movement()
 *fill*         0x0000000000003cd4        0xc 
 .text._ZN4sead15FixedSafeStringILi32EEaSERKNS_14SafeStringBaseIcEE
                0x0000000000003ce0       0xc0 PuppetCapActor.o
                0x0000000000003ce0                sead::FixedSafeString<32>::operator=(sead::SafeStringBase<char> const&)
 .text._ZN14PuppetCapActorC2EPKc
                0x0000000000003da0       0x70 PuppetCapActor.o
                0x0000000000003da0                PuppetCapActor::PuppetCapActor(char const*)
 .text._ZN14PuppetCapActorC1EPKc
                0x0000000000003e10       0x74 PuppetCapActor.o
                0x0000000000003e10                PuppetCapActor::PuppetCapActor(char const*)
 *fill*         0x0000000000003e84        0xc 
 .text._ZN14PuppetCapActor10initOnlineEP10PuppetInfo
                0x0000000000003e90        0x8 PuppetCapActor.o
                0x0000000000003e90                PuppetCapActor::initOnline(PuppetInfo*)
 *fill*         0x0000000000003e98        0x8 
 .text._ZN14PuppetCapActor6updateEv
                0x0000000000003ea0       0x18 PuppetCapActor.o
                0x0000000000003ea0                PuppetCapActor::update()
 *fill*         0x0000000000003eb8        0x8 
 .text._ZN14PuppetCapActor11startActionEPKc
                0x0000000000003ec0       0x40 PuppetCapActor.o
                0x0000000000003ec0                PuppetCapActor::startAction(char const*)
 .text._ZN14PuppetCapActor7controlEv
                0x0000000000003f00      0x110 PuppetCapActor.o
                0x0000000000003f00                PuppetCapActor::control()
 .text          0x0000000000004010        0x0 PuppetHackActor.o
 .text._ZN15PuppetHackActor7controlEv
                0x0000000000004010        0x4 PuppetHackActor.o
                0x0000000000004010                PuppetHackActor::control()
 *fill*         0x0000000000004014        0xc 
 .text._ZN15PuppetHackActor18initAfterPlacementEv
                0x0000000000004020        0x4 PuppetHackActor.o
                0x0000000000004020                PuppetHackActor::initAfterPlacement()
 *fill*         0x0000000000004024        0xc 
 .text._ZN15PuppetHackActor8movementEv
                0x0000000000004030        0x4 PuppetHackActor.o
                0x0000000000004030                PuppetHackActor::movement()
 *fill*         0x0000000000004034        0xc 
 .text._ZN15PuppetHackActorC2EPKc
                0x0000000000004040       0xbc PuppetHackActor.o
                0x0000000000004040                PuppetHackActor::PuppetHackActor(char const*)
 *fill*         0x00000000000040fc        0x4 
 .text._ZN15PuppetHackActorC1EPKc
                0x0000000000004100       0xc8 PuppetHackActor.o
                0x0000000000004100                PuppetHackActor::PuppetHackActor(char const*)
 *fill*         0x00000000000041c8        0x8 
 .text._ZN15PuppetHackActor10initOnlineEP10PuppetInfoPKc
                0x00000000000041d0       0x90 PuppetHackActor.o
                0x00000000000041d0                PuppetHackActor::initOnline(PuppetInfo*, char const*)
 .text._ZN15PuppetHackActor11startActionEPKc
                0x0000000000004260       0x40 PuppetHackActor.o
                0x0000000000004260                PuppetHackActor::startAction(char const*)
 .text._ZN15PuppetHackActor13startHackAnimEb
                0x00000000000042a0      0x128 PuppetHackActor.o
                0x00000000000042a0                PuppetHackActor::startHackAnim(bool)
 *fill*         0x00000000000043c8        0x8 
 .text._ZN15PuppetHackActor4initERKN2al13ActorInitInfoE
                0x00000000000043d0       0x9c PuppetHackActor.o
                0x00000000000043d0                PuppetHackActor::init(al::ActorInitInfo const&)
 .text          0x000000000000446c        0x0 PuppetHolder.o
 *fill*         0x000000000000446c        0x4 
 .text._ZN4sead15FixedSafeStringILi64EED2Ev
                0x0000000000004470        0x4 PuppetHolder.o
                0x0000000000004470                sead::FixedSafeString<64>::~FixedSafeString()
                0x0000000000004470                sead::FixedSafeString<64>::~FixedSafeString()
 *fill*         0x0000000000004474        0xc 
 .text._ZN4sead15FixedSafeStringILi64EED0Ev
                0x0000000000004480        0x8 PuppetHolder.o
                0x0000000000004480                sead::FixedSafeString<64>::~FixedSafeString()
 *fill*         0x0000000000004488        0x8 
 .text._ZN12PuppetHolderC2Ei
                0x0000000000004490       0x98 PuppetHolder.o
                0x0000000000004490                PuppetHolder::PuppetHolder(int)
                0x0000000000004490                PuppetHolder::PuppetHolder(int)
 *fill*         0x0000000000004528        0x8 
 .text._ZN12PuppetHolder12resizeHolderEi
                0x0000000000004530      0x16c PuppetHolder.o
                0x0000000000004530                PuppetHolder::resizeHolder(int)
 *fill*         0x000000000000469c        0x4 
 .text._ZN12PuppetHolder17tryRegisterPuppetEP11PuppetActor
                0x00000000000046a0       0x30 PuppetHolder.o
                0x00000000000046a0                PuppetHolder::tryRegisterPuppet(PuppetActor*)
 .text._ZN12PuppetHolder22tryRegisterDebugPuppetEP11PuppetActor
                0x00000000000046d0       0x10 PuppetHolder.o
                0x00000000000046d0                PuppetHolder::tryRegisterDebugPuppet(PuppetActor*)
 .text._ZN12PuppetHolder14getDebugPuppetEv
                0x00000000000046e0        0x8 PuppetHolder.o
                0x00000000000046e0                PuppetHolder::getDebugPuppet()
 *fill*         0x00000000000046e8        0x8 
 .text._ZN12PuppetHolder18checkInfoIsInStageEP10PuppetInfo
                0x00000000000046f0       0x8c PuppetHolder.o
                0x00000000000046f0                PuppetHolder::checkInfoIsInStage(PuppetInfo*)
 *fill*         0x000000000000477c        0x4 
 .text._ZN12PuppetHolder6updateEv
                0x0000000000004780       0xe0 PuppetHolder.o
                0x0000000000004780                PuppetHolder::update()
 .text._ZN12PuppetHolder12setStageInfoEPKch
                0x0000000000004860       0x98 PuppetHolder.o
                0x0000000000004860                PuppetHolder::setStageInfo(char const*, unsigned char)
 .text          0x00000000000048f8        0x0 PuppetMain.o
 *fill*         0x00000000000048f8        0x8 
 .text._ZN2al17createCustomActorI15PuppetHackActorEEPNS_9LiveActorEPKc
                0x0000000000004900       0x28 PuppetMain.o
                0x0000000000004900                al::LiveActor* al::createCustomActor<PuppetHackActor>(char const*)
 *fill*         0x0000000000004928        0x8 
 .text._ZN2al17createCustomActorI11PuppetActorEEPNS_9LiveActorEPKc
                0x0000000000004930       0x28 PuppetMain.o
                0x0000000000004930                al::LiveActor* al::createCustomActor<PuppetActor>(char const*)
 *fill*         0x0000000000004958        0x8 
 .text._Z24createGameModeConfigMenuI21HideAndSeekConfigMenuEP18GameModeConfigMenuPKc
                0x0000000000004960       0x20 PuppetMain.o
                0x0000000000004960                GameModeConfigMenu* createGameModeConfigMenu<HideAndSeekConfigMenu>(char const*)
 .text._Z28createPuppetActorFromFactoryRKN2al13ActorInitInfoERKNS_13PlacementInfoEb
                0x0000000000004980      0x18c PuppetMain.o
                0x0000000000004980                createPuppetActorFromFactory(al::ActorInitInfo const&, al::PlacementInfo const&, bool)
 *fill*         0x0000000000004b0c        0x4 
 .text._Z16initPuppetActorsPN2al5SceneERKNS_13ActorInitInfoEPKc
                0x0000000000004b10       0xe4 PuppetMain.o
                0x0000000000004b10                initPuppetActors(al::Scene*, al::ActorInitInfo const&, char const*)
 .text          0x0000000000004bf4        0x0 GameModeTimer.o
 *fill*         0x0000000000004bf4        0xc 
 .text._ZN13GameModeTimer7setTimeEfiii
                0x0000000000004c00       0x2c GameModeTimer.o
                0x0000000000004c00                GameModeTimer::setTime(float, int, int, int)
 *fill*         0x0000000000004c2c        0x4 
 .text._ZN13GameModeTimerC2Ebfiii
                0x0000000000004c30       0x24 GameModeTimer.o
                0x0000000000004c30                GameModeTimer::GameModeTimer(bool, float, int, int, int)
                0x0000000000004c30                GameModeTimer::GameModeTimer(bool, float, int, int, int)
 *fill*         0x0000000000004c54        0xc 
 .text._ZN13GameModeTimerC2Efiii
                0x0000000000004c60       0x10 GameModeTimer.o
                0x0000000000004c60                GameModeTimer::GameModeTimer(float, int, int, int)
                0x0000000000004c60                GameModeTimer::GameModeTimer(float, int, int, int)
 .text._ZN13GameModeTimerC2Ev
                0x0000000000004c70       0x20 GameModeTimer.o
                0x0000000000004c70                GameModeTimer::GameModeTimer()
                0x0000000000004c70                GameModeTimer::GameModeTimer()
 .text._ZN13GameModeTimer7setTimeERK8GameTime
                0x0000000000004c90       0x10 GameModeTimer.o
                0x0000000000004c90                GameModeTimer::setTime(GameTime const&)
 .text._ZN13GameModeTimerC2ERK8GameTime
                0x0000000000004ca0       0x10 GameModeTimer.o
                0x0000000000004ca0                GameModeTimer::GameModeTimer(GameTime const&)
                0x0000000000004ca0                GameModeTimer::GameModeTimer(GameTime const&)
 .text._ZN13GameModeTimer12timerControlEv
                0x0000000000004cb0       0xe8 GameModeTimer.o
                0x0000000000004cb0                GameModeTimer::timerControl()
 *fill*         0x0000000000004d98        0x8 
 .text._ZN13GameModeTimer11updateTimerEv
                0x0000000000004da0      0x100 GameModeTimer.o
                0x0000000000004da0                GameModeTimer::updateTimer()
 .text          0x0000000000004ea0        0x0 HideAndSeekConfigMenu.o
 .text._ZN21HideAndSeekConfigMenu11getMenuSizeEv
                0x0000000000004ea0        0x8 HideAndSeekConfigMenu.o
                0x0000000000004ea0                HideAndSeekConfigMenu::getMenuSize()
 *fill*         0x0000000000004ea8        0x8 
 .text._ZN4sead14SafeStringBaseIDsED2Ev
                0x0000000000004eb0        0x4 HideAndSeekConfigMenu.o
                0x0000000000004eb0                sead::SafeStringBase<char16_t>::~SafeStringBase()
                0x0000000000004eb0                sead::SafeStringBase<char16_t>::~SafeStringBase()
 *fill*         0x0000000000004eb4        0xc 
 .text._ZN4sead22BufferedSafeStringBaseIDsED2Ev
                0x0000000000004ec0        0x4 HideAndSeekConfigMenu.o
                0x0000000000004ec0                sead::BufferedSafeStringBase<char16_t>::~BufferedSafeStringBase()
                0x0000000000004ec0                sead::BufferedSafeStringBase<char16_t>::~BufferedSafeStringBase()
 *fill*         0x0000000000004ec4        0xc 
 .text._ZN4sead16WFixedSafeStringILi512EED2Ev
                0x0000000000004ed0        0x4 HideAndSeekConfigMenu.o
                0x0000000000004ed0                sead::WFixedSafeString<512>::~WFixedSafeString()
                0x0000000000004ed0                sead::WFixedSafeString<512>::~WFixedSafeString()
 *fill*         0x0000000000004ed4        0xc 
 .text._ZN21HideAndSeekConfigMenu8initMenuERKN2al14LayoutInitInfoE
                0x0000000000004ee0        0x4 HideAndSeekConfigMenu.o
                0x0000000000004ee0                HideAndSeekConfigMenu::initMenu(al::LayoutInitInfo const&)
 *fill*         0x0000000000004ee4        0xc 
 .text._ZN21HideAndSeekConfigMenu13getStringDataEv
                0x0000000000004ef0       0x38 HideAndSeekConfigMenu.o
                0x0000000000004ef0                HideAndSeekConfigMenu::getStringData()
 *fill*         0x0000000000004f28        0x8 
 .text._ZNK4sead14SafeStringBaseIDsE22assureTerminationImpl_Ev
                0x0000000000004f30        0x4 HideAndSeekConfigMenu.o
                0x0000000000004f30                sead::SafeStringBase<char16_t>::assureTerminationImpl_() const
 *fill*         0x0000000000004f34        0xc 
 .text._ZN4sead16WFixedSafeStringILi512EED0Ev
                0x0000000000004f40        0x8 HideAndSeekConfigMenu.o
                0x0000000000004f40                sead::WFixedSafeString<512>::~WFixedSafeString()
 *fill*         0x0000000000004f48        0x8 
 .text._ZN4sead22BufferedSafeStringBaseIDsED0Ev
                0x0000000000004f50        0x8 HideAndSeekConfigMenu.o
                0x0000000000004f50                sead::BufferedSafeStringBase<char16_t>::~BufferedSafeStringBase()
 *fill*         0x0000000000004f58        0x8 
 .text._ZN4sead14SafeStringBaseIDsED0Ev
                0x0000000000004f60        0x8 HideAndSeekConfigMenu.o
                0x0000000000004f60                sead::SafeStringBase<char16_t>::~SafeStringBase()
 *fill*         0x0000000000004f68        0x8 
 .text._ZN21HideAndSeekConfigMenu10updateMenuEi
                0x0000000000004f70       0x88 HideAndSeekConfigMenu.o
                0x0000000000004f70                HideAndSeekConfigMenu::updateMenu(int)
 *fill*         0x0000000000004ff8        0x8 
 .text._ZN4sead19FixedSafeStringBaseIDsLi512EEaSERKNS_14SafeStringBaseIDsEE
                0x0000000000005000       0xc0 HideAndSeekConfigMenu.o
                0x0000000000005000                sead::FixedSafeStringBase<char16_t, 512>::operator=(sead::SafeStringBase<char16_t> const&)
 .text._ZN21HideAndSeekConfigMenuC2Ev
                0x00000000000050c0      0x1b8 HideAndSeekConfigMenu.o
                0x00000000000050c0                HideAndSeekConfigMenu::HideAndSeekConfigMenu()
                0x00000000000050c0                HideAndSeekConfigMenu::HideAndSeekConfigMenu()
 .text          0x0000000000005278        0x0 HideAndSeekMode.o
 *fill*         0x0000000000005278        0x8 
 .text._ZN4sead15FixedSafeStringILi16EED2Ev
                0x0000000000005280        0x4 HideAndSeekMode.o
                0x0000000000005280                sead::FixedSafeString<16>::~FixedSafeString()
                0x0000000000005280                sead::FixedSafeString<16>::~FixedSafeString()
 *fill*         0x0000000000005284        0xc 
 .text._ZNK12GameModeBase17getSceneObjHolderEv
                0x0000000000005290       0x18 HideAndSeekMode.o
                0x0000000000005290                GameModeBase::getSceneObjHolder() const
                0x00000000000052a0                non-virtual thunk to GameModeBase::getSceneObjHolder() const
 *fill*         0x00000000000052a8        0x8 
 .text._ZN12GameModeBase7getModeEv
                0x00000000000052b0        0x8 HideAndSeekMode.o
                0x00000000000052b0                GameModeBase::getMode()
 *fill*         0x00000000000052b8        0x8 
 .text._ZNK12GameModeBase12isModeActiveEv
                0x00000000000052c0        0x8 HideAndSeekMode.o
                0x00000000000052c0                GameModeBase::isModeActive() const
 *fill*         0x00000000000052c8        0x8 
 .text._ZN15HideAndSeekModeD2Ev
                0x00000000000052d0        0x4 HideAndSeekMode.o
                0x00000000000052d0                HideAndSeekMode::~HideAndSeekMode()
                0x00000000000052d0                HideAndSeekMode::~HideAndSeekMode()
 *fill*         0x00000000000052d4        0xc 
 .text._ZNK12GameModeBase7getNameEv
                0x00000000000052e0       0x1c HideAndSeekMode.o
                0x00000000000052e0                GameModeBase::getName() const
 *fill*         0x00000000000052fc        0x4 
 .text._ZN4sead15FixedSafeStringILi16EED0Ev
                0x0000000000005300        0x8 HideAndSeekMode.o
                0x0000000000005300                sead::FixedSafeString<16>::~FixedSafeString()
 *fill*         0x0000000000005308        0x8 
 .text._ZN15HideAndSeekModeD0Ev
                0x0000000000005310        0x8 HideAndSeekMode.o
                0x0000000000005310                HideAndSeekMode::~HideAndSeekMode()
 *fill*         0x0000000000005318        0x8 
 .text._ZN15HideAndSeekMode4initERK16GameModeInitInfo
                0x0000000000005320      0x19c HideAndSeekMode.o
                0x0000000000005320                HideAndSeekMode::init(GameModeInitInfo const&)
 *fill*         0x00000000000054bc        0x4 
 .text._ZN15HideAndSeekMode5beginEv
                0x00000000000054c0       0xec HideAndSeekMode.o
                0x00000000000054c0                HideAndSeekMode::begin()
 *fill*         0x00000000000055ac        0x4 
 .text._ZN15HideAndSeekMode3endEv
                0x00000000000055b0       0xa8 HideAndSeekMode.o
                0x00000000000055b0                HideAndSeekMode::end()
 *fill*         0x0000000000005658        0x8 
 .text._ZN15HideAndSeekMode6updateEv
                0x0000000000005660      0x3f0 HideAndSeekMode.o
                0x0000000000005660                HideAndSeekMode::update()
 .text._ZN4sead15FixedSafeStringILi16EEaSERKNS_14SafeStringBaseIcEE
                0x0000000000005a50       0xc0 HideAndSeekMode.o
                0x0000000000005a50                sead::FixedSafeString<16>::operator=(sead::SafeStringBase<char> const&)
 .text._ZN15HideAndSeekModeC2EPKc
                0x0000000000005b10      0x128 HideAndSeekMode.o
                0x0000000000005b10                HideAndSeekMode::HideAndSeekMode(char const*)
                0x0000000000005b10                HideAndSeekMode::HideAndSeekMode(char const*)
 *fill*         0x0000000000005c38        0x8 
 .text._Z14createGameModeI15HideAndSeekModeEP12GameModeBasePKc
                0x0000000000005c40       0x28 HideAndSeekMode.o
                0x0000000000005c40                GameModeBase* createGameMode<HideAndSeekMode>(char const*)
 .text          0x0000000000005c68        0x0 GameModeManager.o
 *fill*         0x0000000000005c68        0x8 
 .text._ZN12GameModeBase5beginEv
                0x0000000000005c70        0xc GameModeManager.o
                0x0000000000005c70                GameModeBase::begin()
 *fill*         0x0000000000005c7c        0x4 
 .text._ZN12GameModeBase3endEv
                0x0000000000005c80        0x8 GameModeManager.o
                0x0000000000005c80                GameModeBase::end()
 *fill*         0x0000000000005c88        0x8 
 .text._ZNK2al7FactoryIPFP12GameModeBasePKcEE11convertNameES4_
                0x0000000000005c90        0x8 GameModeManager.o
                0x0000000000005c90                al::Factory<GameModeBase* (*)(char const*)>::convertName(char const*) const
 *fill*         0x0000000000005c98        0x8 
 .text._Z14createModifierI13NoCapModifierEP16ModeModifierBaseP12GameModeBase
                0x0000000000005ca0       0x28 GameModeManager.o
                0x0000000000005ca0                ModeModifierBase* createModifier<NoCapModifier>(GameModeBase*)
 *fill*         0x0000000000005cc8        0x8 
 .text._Z14createModifierI15GravityModifierEP16ModeModifierBaseP12GameModeBase
                0x0000000000005cd0       0x28 GameModeManager.o
                0x0000000000005cd0                ModeModifierBase* createModifier<GravityModifier>(GameModeBase*)
 *fill*         0x0000000000005cf8        0x8 
 .text._ZN15GameModeManager18SingletonDisposer_D2Ev
                0x0000000000005d00       0x64 GameModeManager.o
                0x0000000000005d00                GameModeManager::SingletonDisposer_::~SingletonDisposer_()
                0x0000000000005d00                GameModeManager::SingletonDisposer_::~SingletonDisposer_()
 *fill*         0x0000000000005d64        0xc 
 .text._ZN15GameModeManager18SingletonDisposer_D0Ev
                0x0000000000005d70       0x1c GameModeManager.o
                0x0000000000005d70                GameModeManager::SingletonDisposer_::~SingletonDisposer_()
 *fill*         0x0000000000005d8c        0x4 
 .text._ZN12GameModeBaseD0Ev
                0x0000000000005d90        0x8 GameModeManager.o
                0x0000000000005d90                GameModeBase::~GameModeBase()
 *fill*         0x0000000000005d98        0x8 
 .text._ZN15GameModeManager14deleteInstanceEv
                0x0000000000005da0       0x88 GameModeManager.o
                0x0000000000005da0                GameModeManager::deleteInstance()
 *fill*         0x0000000000005e28        0x8 
 .text._ZN15GameModeManager5beginEv
                0x0000000000005e30       0xbc GameModeManager.o
                0x0000000000005e30                GameModeManager::begin()
 *fill*         0x0000000000005eec        0x4 
 .text._ZN15GameModeManager3endEv
                0x0000000000005ef0       0xb4 GameModeManager.o
                0x0000000000005ef0                GameModeManager::end()
 *fill*         0x0000000000005fa4        0xc 
 .text._ZN15GameModeManager12toggleActiveEv
                0x0000000000005fb0       0x10 GameModeManager.o
                0x0000000000005fb0                GameModeManager::toggleActive()
 .text._ZN15GameModeManager9setPausedEb
                0x0000000000005fc0        0x8 GameModeManager.o
                0x0000000000005fc0                GameModeManager::setPaused(bool)
 *fill*         0x0000000000005fc8        0x8 
 .text._ZN15GameModeManager7setModeE8GameMode
                0x0000000000005fd0       0x10 GameModeManager.o
                0x0000000000005fd0                GameModeManager::setMode(GameMode)
 .text._ZN15GameModeManagerC2Ev
                0x0000000000005fe0       0x68 GameModeManager.o
                0x0000000000005fe0                GameModeManager::GameModeManager()
                0x0000000000005fe0                GameModeManager::GameModeManager()
 *fill*         0x0000000000006048        0x8 
 .text._ZN15GameModeManager14createInstanceEPN4sead4HeapE
                0x0000000000006050       0x84 GameModeManager.o
                0x0000000000006050                GameModeManager::createInstance(sead::Heap*)
 *fill*         0x00000000000060d4        0xc 
 .text._ZN15GameModeManager6updateEv
                0x00000000000060e0      0x1b0 GameModeManager.o
                0x00000000000060e0                GameModeManager::update()
 .text._ZN12GameModeBaseD2Ev
                0x0000000000006290        0x4 GameModeManager.o
                0x0000000000006290                GameModeBase::~GameModeBase()
                0x0000000000006290                GameModeBase::~GameModeBase()
 *fill*         0x0000000000006294        0xc 
 .text._ZN15GameModeManager9initSceneERK16GameModeInitInfo
                0x00000000000062a0      0x1e8 GameModeManager.o
                0x00000000000062a0                GameModeManager::initScene(GameModeInitInfo const&)
 .text          0x0000000000006488        0x0 GravityModifier.o
 *fill*         0x0000000000006488        0x8 
 .text._ZN16ModeModifierBase4initEP10StageScene
                0x0000000000006490        0x8 GravityModifier.o
                0x0000000000006490                ModeModifierBase::init(StageScene*)
 *fill*         0x0000000000006498        0x8 
 .text._ZN15GravityModifier6enableEv
                0x00000000000064a0       0x28 GravityModifier.o
                0x00000000000064a0                GravityModifier::enable()
 *fill*         0x00000000000064c8        0x8 
 .text._ZN15GravityModifier7disableEv
                0x00000000000064d0       0x28 GravityModifier.o
                0x00000000000064d0                GravityModifier::disable()
 *fill*         0x00000000000064f8        0x8 
 .text._ZN15GravityModifier6updateEv
                0x0000000000006500      0x108 GravityModifier.o
                0x0000000000006500                GravityModifier::update()
 *fill*         0x0000000000006608        0x8 
 .text._ZN15GravityModifierC2EP12GameModeBase
                0x0000000000006610       0x20 GravityModifier.o
                0x0000000000006610                GravityModifier::GravityModifier(GameModeBase*)
                0x0000000000006610                GravityModifier::GravityModifier(GameModeBase*)
 .text          0x0000000000006630        0x0 NoCapModifier.o
 .text._ZN16ModeModifierBase6updateEv
                0x0000000000006630        0x4 NoCapModifier.o
                0x0000000000006630                ModeModifierBase::update()
 *fill*         0x0000000000006634        0xc 
 .text._ZN13NoCapModifier6enableEv
                0x0000000000006640        0xc NoCapModifier.o
                0x0000000000006640                NoCapModifier::enable()
 *fill*         0x000000000000664c        0x4 
 .text._ZN13NoCapModifier7disableEv
                0x0000000000006650        0x8 NoCapModifier.o
                0x0000000000006650                NoCapModifier::disable()
 *fill*         0x0000000000006658        0x8 
 .text._ZN13NoCapModifierC2EP12GameModeBase
                0x0000000000006660       0x1c NoCapModifier.o
                0x0000000000006660                NoCapModifier::NoCapModifier(GameModeBase*)
                0x0000000000006660                NoCapModifier::NoCapModifier(GameModeBase*)
 .text          0x000000000000667c        0x0 Client.o
 *fill*         0x000000000000667c        0x4 
 .text._ZN4sead19FixedSafeStringBaseIcLi51EED2Ev
                0x0000000000006680        0x4 Client.o
                0x0000000000006680                sead::FixedSafeStringBase<char, 51>::~FixedSafeStringBase()
                0x0000000000006680                sead::FixedSafeStringBase<char, 51>::~FixedSafeStringBase()
 *fill*         0x0000000000006684        0xc 
 .text._ZN4sead15FixedSafeStringILi51EED2Ev
                0x0000000000006690        0x4 Client.o
                0x0000000000006690                sead::FixedSafeString<51>::~FixedSafeString()
                0x0000000000006690                sead::FixedSafeString<51>::~FixedSafeString()
 *fill*         0x0000000000006694        0xc 
 .text._ZZN6Client14openKeyboardIPEvENUlRN2nn5swkbd14KeyboardConfigEE_4_FUNES3_
                0x00000000000066a0       0x28 Client.o
 *fill*         0x00000000000066c8        0x8 
 .text._ZZN6Client16openKeyboardPortEvENUlRN2nn5swkbd14KeyboardConfigEE_4_FUNES3_
                0x00000000000066d0       0x24 Client.o
 *fill*         0x00000000000066f4        0xc 
 .text._ZNK2al10FunctorV0MIP6ClientMS1_FvvEEclEv
                0x0000000000006700       0x24 Client.o
                0x0000000000006700                al::FunctorV0M<Client*, void (Client::*)()>::operator()() const
 *fill*         0x0000000000006724        0xc 
 .text._ZN6Client18SingletonDisposer_D2Ev
                0x0000000000006730       0x3c Client.o
                0x0000000000006730                Client::SingletonDisposer_::~SingletonDisposer_()
                0x0000000000006730                Client::SingletonDisposer_::~SingletonDisposer_()
 *fill*         0x000000000000676c        0x4 
 .text._ZN4sead15FixedSafeStringILi51EED0Ev
                0x0000000000006770        0x8 Client.o
                0x0000000000006770                sead::FixedSafeString<51>::~FixedSafeString()
 *fill*         0x0000000000006778        0x8 
 .text._ZN4sead19FixedSafeStringBaseIcLi51EED0Ev
                0x0000000000006780        0x8 Client.o
                0x0000000000006780                sead::FixedSafeStringBase<char, 51>::~FixedSafeStringBase()
 *fill*         0x0000000000006788        0x8 
 .text._ZN6Client18SingletonDisposer_D0Ev
                0x0000000000006790       0x1c Client.o
                0x0000000000006790                Client::SingletonDisposer_::~SingletonDisposer_()
 *fill*         0x00000000000067ac        0x4 
 .text._ZNK2al10FunctorV0MIP6ClientMS1_FvvEE5cloneEv
                0x00000000000067b0       0x34 Client.o
                0x00000000000067b0                al::FunctorV0M<Client*, void (Client::*)()>::clone() const
 *fill*         0x00000000000067e4        0xc 
 .text._ZN2al10FunctorV0MIP6ClientMS1_FvvEED2Ev
                0x00000000000067f0       0x14 Client.o
                0x00000000000067f0                al::FunctorV0M<Client*, void (Client::*)()>::~FunctorV0M()
                0x00000000000067f0                al::FunctorV0M<Client*, void (Client::*)()>::~FunctorV0M()
 *fill*         0x0000000000006804        0xc 
 .text._ZN2al10FunctorV0MIP6ClientMS1_FvvEED0Ev
                0x0000000000006810       0x2c Client.o
                0x0000000000006810                al::FunctorV0M<Client*, void (Client::*)()>::~FunctorV0M()
 *fill*         0x000000000000683c        0x4 
 .text._ZN4sead15FixedSafeStringILi51EEaSERKNS_14SafeStringBaseIcEE
                0x0000000000006840       0xc0 Client.o
                0x0000000000006840                sead::FixedSafeString<51>::operator=(sead::SafeStringBase<char> const&)
 .text._ZN4sead19FixedSafeStringBaseIcLi51EEaSERKNS_14SafeStringBaseIcEE
                0x0000000000006900       0xc0 Client.o
                0x0000000000006900                sead::FixedSafeStringBase<char, 51>::operator=(sead::SafeStringBase<char> const&)
 .text._ZN6Client14deleteInstanceEv
                0x00000000000069c0       0x74 Client.o
                0x00000000000069c0                Client::deleteInstance()
 *fill*         0x0000000000006a34        0xc 
 .text._ZN6ClientC2Ev
                0x0000000000006a40      0x630 Client.o
                0x0000000000006a40                Client::Client()
                0x0000000000006a40                Client::Client()
 .text._ZN6Client14createInstanceEPN4sead4HeapE
                0x0000000000007070       0x84 Client.o
                0x0000000000007070                Client::createInstance(sead::Heap*)
 *fill*         0x00000000000070f4        0xc 
 .text._ZN6Client11startThreadEv
                0x0000000000007100       0x44 Client.o
                0x0000000000007100                Client::startThread()
 *fill*         0x0000000000007144        0xc 
 .text._ZN6Client4initERKN2al14LayoutInitInfoE22GameDataHolderAccessor
                0x0000000000007150      0x15c Client.o
                0x0000000000007150                Client::init(al::LayoutInitInfo const&, GameDataHolderAccessor)
 *fill*         0x00000000000072ac        0x4 
 .text._ZN6Client14openKeyboardIPEv
                0x00000000000072b0      0x29c Client.o
                0x00000000000072b0                Client::openKeyboardIP()
 *fill*         0x000000000000754c        0x4 
 .text._ZN6Client16openKeyboardPortEv
                0x0000000000007550       0xd8 Client.o
                0x0000000000007550                Client::openKeyboardPort()
 *fill*         0x0000000000007628        0x8 
 .text._ZN6Client15startConnectionEv
                0x0000000000007630      0x1f0 Client.o
                0x0000000000007630                Client::startConnection()
 .text._ZN6Client13showUIMessageEPKDs
                0x0000000000007820       0xb0 Client.o
                0x0000000000007820                Client::showUIMessage(char16_t const*)
 .text._ZN6Client13hideUIMessageEv
                0x00000000000078d0       0x1c Client.o
                0x00000000000078d0                Client::hideUIMessage()
 *fill*         0x00000000000078ec        0x4 
 .text._ZN6Client19sendPlayerInfPacketEPK15PlayerActorBaseb
                0x00000000000078f0      0x5c0 Client.o
                0x00000000000078f0                Client::sendPlayerInfPacket(PlayerActorBase const*, bool)
 .text._ZN6Client20sendHackCapInfPacketEPK7HackCap
                0x0000000000007eb0      0x200 Client.o
                0x0000000000007eb0                Client::sendHackCapInfPacket(HackCap const*)
 .text._ZN6Client17sendGameInfPacketEPK19PlayerActorHakoniwa22GameDataHolderAccessor
                0x00000000000080b0      0x248 Client.o
                0x00000000000080b0                Client::sendGameInfPacket(PlayerActorHakoniwa const*, GameDataHolderAccessor)
 *fill*         0x00000000000082f8        0x8 
 .text._ZN6Client17sendGameInfPacketE22GameDataHolderAccessor
                0x0000000000008300      0x1d8 Client.o
                0x0000000000008300                Client::sendGameInfPacket(GameDataHolderAccessor)
 *fill*         0x00000000000084d8        0x8 
 .text._ZN6Client16sendTagInfPacketEv
                0x00000000000084e0      0x1d8 Client.o
                0x00000000000084e0                Client::sendTagInfPacket()
 *fill*         0x00000000000086b8        0x8 
 .text._ZN6Client20sendCostumeInfPacketEPKcS1_
                0x00000000000086c0      0x1c0 Client.o
                0x00000000000086c0                Client::sendCostumeInfPacket(char const*, char const*)
 .text._ZN6Client20sendCaptureInfPacketEPK19PlayerActorHakoniwa
                0x0000000000008880      0x258 Client.o
                0x0000000000008880                Client::sendCaptureInfPacket(PlayerActorHakoniwa const*)
 *fill*         0x0000000000008ad8        0x8 
 .text._ZN6Client17resendInitPacketsEv
                0x0000000000008ae0       0xd4 Client.o
                0x0000000000008ae0                Client::resendInitPackets()
 *fill*         0x0000000000008bb4        0xc 
 .text._ZN6Client22sendShineCollectPacketEi
                0x0000000000008bc0       0xe0 Client.o
                0x0000000000008bc0                Client::sendShineCollectPacket(int)
 .text._ZN6Client21sendItemCollectPacketEPci
                0x0000000000008ca0      0x168 Client.o
                0x0000000000008ca0                Client::sendItemCollectPacket(char*, int)
 *fill*         0x0000000000008e08        0x8 
 .text._ZN6Client15updateShineInfoEP12ShineCollect
                0x0000000000008e10       0x3c Client.o
                0x0000000000008e10                Client::updateShineInfo(ShineCollect*)
 *fill*         0x0000000000008e4c        0x4 
 .text._ZN6Client11sendToStageEP17ChangeStagePacket
                0x0000000000008e50       0x98 Client.o
                0x0000000000008e50                Client::sendToStage(ChangeStagePacket*)
 *fill*         0x0000000000008ee8        0x8 
 .text._ZN6Client16sendUdpHolePunchEv
                0x0000000000008ef0       0xd8 Client.o
                0x0000000000008ef0                Client::sendUdpHolePunch()
 *fill*         0x0000000000008fc8        0x8 
 .text._ZN6Client11sendUdpInitEv
                0x0000000000008fd0      0x11c Client.o
                0x0000000000008fd0                Client::sendUdpInit()
 *fill*         0x00000000000090ec        0x4 
 .text._ZN6Client16isShineCollectedEi
                0x00000000000090f0       0x30 Client.o
                0x00000000000090f0                Client::isShineCollected(int)
 .text._ZN6Client14findPuppetInfoERKN2nn7account3UidEb
                0x0000000000009120      0x184 Client.o
                0x0000000000009120                Client::findPuppetInfo(nn::account::Uid const&, bool)
 *fill*         0x00000000000092a4        0xc 
 .text._ZN6Client17updateCaptureInfoEP10CaptureInf
                0x00000000000092b0       0x40 Client.o
                0x00000000000092b0                Client::updateCaptureInfo(CaptureInf*)
 .text._ZN6Client17updateCostumeInfoEP10CostumeInf
                0x00000000000092f0       0x48 Client.o
                0x00000000000092f0                Client::updateCostumeInfo(CostumeInf*)
 *fill*         0x0000000000009338        0x8 
 .text._ZN6Client19updatePlayerConnectEP13PlayerConnect
                0x0000000000009340      0x1d4 Client.o
                0x0000000000009340                Client::updatePlayerConnect(PlayerConnect*)
 *fill*         0x0000000000009514        0xc 
 .text._ZN6Client14updateGameInfoEP7GameInf
                0x0000000000009520       0x78 Client.o
                0x0000000000009520                Client::updateGameInfo(GameInf*)
 *fill*         0x0000000000009598        0x8 
 .text._ZN6Client16disconnectPlayerEP8PlayerDC
                0x00000000000095a0       0x4c Client.o
                0x00000000000095a0                Client::disconnectPlayer(PlayerDC*)
 *fill*         0x00000000000095ec        0x4 
 .text._ZN6Client13updateTagInfoEP6TagInf
                0x00000000000095f0       0xa8 Client.o
                0x00000000000095f0                Client::updateTagInfo(TagInf*)
 *fill*         0x0000000000009698        0x8 
 .text._ZN6Client16updatePlayerInfoEP9PlayerInf
                0x00000000000096a0      0x2e8 Client.o
                0x00000000000096a0                Client::updatePlayerInfo(PlayerInf*)
 *fill*         0x0000000000009988        0x8 
 .text._ZN6Client17updateHackCapInfoEP10HackCapInf
                0x0000000000009990       0x5c Client.o
                0x0000000000009990                Client::updateHackCapInfo(HackCapInf*)
 *fill*         0x00000000000099ec        0x4 
 .text._ZN6Client12setStageInfoE22GameDataHolderAccessor
                0x00000000000099f0       0xf4 Client.o
                0x00000000000099f0                Client::setStageInfo(GameDataHolderAccessor)
 *fill*         0x0000000000009ae4        0xc 
 .text._ZN6Client12tryAddPuppetEP11PuppetActor
                0x0000000000009af0       0x24 Client.o
                0x0000000000009af0                Client::tryAddPuppet(PuppetActor*)
 *fill*         0x0000000000009b14        0xc 
 .text._ZN6Client17tryAddDebugPuppetEP11PuppetActor
                0x0000000000009b20       0x24 Client.o
                0x0000000000009b20                Client::tryAddDebugPuppet(PuppetActor*)
 *fill*         0x0000000000009b44        0xc 
 .text._ZN6Client9getPuppetEi
                0x0000000000009b50       0x38 Client.o
                0x0000000000009b50                Client::getPuppet(int)
 *fill*         0x0000000000009b88        0x8 
 .text._ZN6Client13getPuppetInfoEi
                0x0000000000009b90       0x40 Client.o
                0x0000000000009b90                Client::getPuppetInfo(int)
 .text._ZN6Client13getLatestInfoEv
                0x0000000000009bd0       0x28 Client.o
                0x0000000000009bd0                Client::getLatestInfo()
 *fill*         0x0000000000009bf8        0x8 
 .text._ZN6Client20resetCollectedShinesEv
                0x0000000000009c00       0x18 Client.o
                0x0000000000009c00                Client::resetCollectedShines()
 *fill*         0x0000000000009c18        0x8 
 .text._ZN6Client11removeShineEi
                0x0000000000009c20       0x3c Client.o
                0x0000000000009c20                Client::removeShine(int)
 *fill*         0x0000000000009c5c        0x4 
 .text._ZN6Client18isNeedUpdateShinesEv
                0x0000000000009c60       0x24 Client.o
                0x0000000000009c60                Client::isNeedUpdateShines()
 *fill*         0x0000000000009c84        0xc 
 .text._ZN6Client11updateItemsEP11ItemCollect
                0x0000000000009c90      0x10c Client.o
                0x0000000000009c90                Client::updateItems(ItemCollect*)
 *fill*         0x0000000000009d9c        0x4 
 .text._ZN6Client8readFuncEv
                0x0000000000009da0      0x3e8 Client.o
                0x0000000000009da0                Client::readFunc()
 *fill*         0x000000000000a188        0x8 
 .text._ZN6Client11clearArraysEv
                0x000000000000a190       0x20 Client.o
                0x000000000000a190                Client::clearArrays()
 .text._ZN6Client18getDebugPuppetInfoEv
                0x000000000000a1b0       0x1c Client.o
                0x000000000000a1b0                Client::getDebugPuppetInfo()
 *fill*         0x000000000000a1cc        0x4 
 .text._ZN6Client14getDebugPuppetEv
                0x000000000000a1d0       0x20 Client.o
                0x000000000000a1d0                Client::getDebugPuppet()
 .text._ZN6Client11getKeyboardEv
                0x000000000000a1f0       0x18 Client.o
                0x000000000000a1f0                Client::getKeyboard()
 *fill*         0x000000000000a208        0x8 
 .text._ZN6Client12getCurrentIPEv
                0x000000000000a210       0x38 Client.o
                0x000000000000a210                Client::getCurrentIP()
 *fill*         0x000000000000a248        0x8 
 .text._ZN6Client14getCurrentPortEv
                0x000000000000a250       0x20 Client.o
                0x000000000000a250                Client::getCurrentPort()
 .text._ZN6Client13setLastUsedIPEPKc
                0x000000000000a270       0x9c Client.o
                0x000000000000a270                Client::setLastUsedIP(char const*)
 *fill*         0x000000000000a30c        0x4 
 .text._ZN6Client15setLastUsedPortEi
                0x000000000000a310       0x18 Client.o
                0x000000000000a310                Client::setLastUsedPort(int)
 *fill*         0x000000000000a328        0x8 
 .text._ZN6Client12setSceneInfoERKN2al13ActorInitInfoEPK10StageScene
                0x000000000000a330       0x84 Client.o
                0x000000000000a330                Client::setSceneInfo(al::ActorInitInfo const&, StageScene const*)
 *fill*         0x000000000000a3b4        0xc 
 .text._ZN6Client16tryRegisterShineEP5Shine
                0x000000000000a3c0       0x70 Client.o
                0x000000000000a3c0                Client::tryRegisterShine(Shine*)
 .text._ZN6Client14findStageShineEi
                0x000000000000a430       0xc8 Client.o
                0x000000000000a430                Client::findStageShine(int)
 *fill*         0x000000000000a4f8        0x8 
 .text._ZN6Client12updateShinesEv
                0x000000000000a500      0x238 Client.o
                0x000000000000a500                Client::updateShines()
 *fill*         0x000000000000a738        0x8 
 .text._ZN6Client6updateEv
                0x000000000000a740       0x54 Client.o
                0x000000000000a740                Client::update()
 .text          0x000000000000a794        0x0 DeltaTime.o
 *fill*         0x000000000000a794        0xc 
 .text._ZN4Time8calcTimeEv
                0x000000000000a7a0       0x70 DeltaTime.o
                0x000000000000a7a0                Time::calcTime()
 .text.startup._GLOBAL__sub_I_DeltaTime.cpp
                0x000000000000a810       0x28 DeltaTime.o
 .text          0x000000000000a838        0x0 HackModelHolder.o
 *fill*         0x000000000000a838        0x8 
 .text._ZN15HackModelHolder10getCaptureEPKc
                0x000000000000a840       0x78 HackModelHolder.o
                0x000000000000a840                HackModelHolder::getCapture(char const*)
 *fill*         0x000000000000a8b8        0x8 
 .text._ZN15HackModelHolder10getCaptureEi
                0x000000000000a8c0       0x24 HackModelHolder.o
                0x000000000000a8c0                HackModelHolder::getCapture(int)
 *fill*         0x000000000000a8e4        0xc 
 .text._ZN15HackModelHolder15getCaptureClassEi
                0x000000000000a8f0       0x2c HackModelHolder.o
                0x000000000000a8f0                HackModelHolder::getCaptureClass(int)
 *fill*         0x000000000000a91c        0x4 
 .text._ZN15HackModelHolder10addCaptureEP15PuppetHackActorPKc
                0x000000000000a920       0x60 HackModelHolder.o
                0x000000000000a920                HackModelHolder::addCapture(PuppetHackActor*, char const*)
 .text._ZN15HackModelHolder13removeCaptureEPKc
                0x000000000000a980       0x88 HackModelHolder.o
                0x000000000000a980                HackModelHolder::removeCapture(char const*)
 *fill*         0x000000000000aa08        0x8 
 .text._ZN15HackModelHolder9resetListEv
                0x000000000000aa10       0x30 HackModelHolder.o
                0x000000000000aa10                HackModelHolder::resetList()
 .text._ZN15HackModelHolder10setCurrentEPKc
                0x000000000000aa40       0x90 HackModelHolder.o
                0x000000000000aa40                HackModelHolder::setCurrent(char const*)
 .text._ZN15HackModelHolder15getCurrentActorEv
                0x000000000000aad0       0x10 HackModelHolder.o
                0x000000000000aad0                HackModelHolder::getCurrentActor()
 .text._ZN15HackModelHolder19getCurrentActorNameEv
                0x000000000000aae0       0x14 HackModelHolder.o
                0x000000000000aae0                HackModelHolder::getCurrentActorName()
 .text          0x000000000000aaf4        0x0 SocketBase.o
 *fill*         0x000000000000aaf4        0xc 
 .text._ZN10SocketBase11closeSocketEv
                0x000000000000ab00       0x44 SocketBase.o
                0x000000000000ab00                SocketBase::closeSocket()
 *fill*         0x000000000000ab44        0xc 
 .text._ZN10SocketBaseC2EPKc
                0x000000000000ab50       0x30 SocketBase.o
                0x000000000000ab50                SocketBase::SocketBase(char const*)
                0x000000000000ab50                SocketBase::SocketBase(char const*)
 .text._ZN10SocketBase12getStateCharEv
                0x000000000000ab80       0x54 SocketBase.o
                0x000000000000ab80                SocketBase::getStateChar()
 *fill*         0x000000000000abd4        0xc 
 .text._ZN10SocketBase11getLogStateEv
                0x000000000000abe0        0x8 SocketBase.o
                0x000000000000abe0                SocketBase::getLogState()
 *fill*         0x000000000000abe8        0x8 
 .text._ZN10SocketBase14set_sock_flagsEi
                0x000000000000abf0        0x8 SocketBase.o
                0x000000000000abf0                SocketBase::set_sock_flags(int)
 *fill*         0x000000000000abf8        0x8 
 .text._ZN10SocketBase10socket_logEPKc
                0x000000000000ac00       0x4c SocketBase.o
                0x000000000000ac00                SocketBase::socket_log(char const*)
 *fill*         0x000000000000ac4c        0x4 
 .text._ZN10SocketBase16socket_read_charEPc
                0x000000000000ac50       0x74 SocketBase.o
                0x000000000000ac50                SocketBase::socket_read_char(char*)
 *fill*         0x000000000000acc4        0xc 
 .text._ZN10SocketBase5getFdEv
                0x000000000000acd0       0x1c SocketBase.o
                0x000000000000acd0                SocketBase::getFd()
 .text          0x000000000000acec        0x0 SocketClient.o
 *fill*         0x000000000000acec        0x4 
 .text._ZN4sead6Thread7destroyEv
                0x000000000000acf0       0x10 SocketClient.o
                0x000000000000acf0                sead::Thread::destroy()
 .text._ZN4sead19FixedSafeStringBaseIcLi32EED2Ev
                0x000000000000ad00        0x4 SocketClient.o
                0x000000000000ad00                sead::FixedSafeStringBase<char, 32>::~FixedSafeStringBase()
                0x000000000000ad00                sead::FixedSafeStringBase<char, 32>::~FixedSafeStringBase()
 *fill*         0x000000000000ad04        0xc 
 .text._ZNK2al10FunctorV0MIP12SocketClientMS1_FvvEEclEv
                0x000000000000ad10       0x24 SocketClient.o
                0x000000000000ad10                al::FunctorV0M<SocketClient*, void (SocketClient::*)()>::operator()() const
 *fill*         0x000000000000ad34        0xc 
 .text._ZNK2al10FunctorV0MIP12SocketClientMS1_FvvEE5cloneEv
                0x000000000000ad40       0x34 SocketClient.o
                0x000000000000ad40                al::FunctorV0M<SocketClient*, void (SocketClient::*)()>::clone() const
 *fill*         0x000000000000ad74        0xc 
 .text._ZN4sead19FixedSafeStringBaseIcLi32EED0Ev
                0x000000000000ad80        0x8 SocketClient.o
                0x000000000000ad80                sead::FixedSafeStringBase<char, 32>::~FixedSafeStringBase()
 *fill*         0x000000000000ad88        0x8 
 .text._ZN2al10FunctorV0MIP12SocketClientMS1_FvvEED2Ev
                0x000000000000ad90       0x14 SocketClient.o
                0x000000000000ad90                al::FunctorV0M<SocketClient*, void (SocketClient::*)()>::~FunctorV0M()
                0x000000000000ad90                al::FunctorV0M<SocketClient*, void (SocketClient::*)()>::~FunctorV0M()
 *fill*         0x000000000000ada4        0xc 
 .text._ZN2al10FunctorV0MIP12SocketClientMS1_FvvEED0Ev
                0x000000000000adb0       0x2c SocketClient.o
                0x000000000000adb0                al::FunctorV0M<SocketClient*, void (SocketClient::*)()>::~FunctorV0M()
 *fill*         0x000000000000addc        0x4 
 .text._ZN4sead19FixedSafeStringBaseIcLi32EEaSERKNS_14SafeStringBaseIcEE
                0x000000000000ade0       0xc0 SocketClient.o
                0x000000000000ade0                sead::FixedSafeStringBase<char, 32>::operator=(sead::SafeStringBase<char> const&)
 .text._ZN12SocketClientC2EPKcPN4sead4HeapEP6Client
                0x000000000000aea0      0x188 SocketClient.o
                0x000000000000aea0                SocketClient::SocketClient(char const*, sead::Heap*, Client*)
                0x000000000000aea0                SocketClient::SocketClient(char const*, sead::Heap*, Client*)
 *fill*         0x000000000000b028        0x8 
 .text._ZN12SocketClient15getLocalUdpPortEv
                0x000000000000b030       0x54 SocketClient.o
                0x000000000000b030                SocketClient::getLocalUdpPort()
 *fill*         0x000000000000b084        0xc 
 .text._ZN12SocketClient14setPeerUdpPortEt
                0x000000000000b090       0x60 SocketClient.o
                0x000000000000b090                SocketClient::setPeerUdpPort(unsigned short)
 .text._ZN12SocketClient15getUdpStateCharEv
                0x000000000000b0f0       0x34 SocketClient.o
                0x000000000000b0f0                SocketClient::getUdpStateChar()
 *fill*         0x000000000000b124        0xc 
 .text._ZN12SocketClient11printPacketEP6Packet
                0x000000000000b130       0xf8 SocketClient.o
                0x000000000000b130                SocketClient::printPacket(Packet*)
 *fill*         0x000000000000b228        0x8 
 .text._ZN12SocketClient17stringToIPAddressEPKcP7in_addr
                0x000000000000b230       0x60 SocketClient.o